Archive member included to satisfy reference by file (symbol)

c:/nxp/mcuxpressoide_10.3.0_2200/ide/plugins/com.nxp.mcuxpresso.tools.win32_10.3.0.201811011841/tools/bin/../lib/gcc/arm-none-eabi/7.3.1/../../../../arm-none-eabi/lib/thumb/v6-m\libcr_semihost_nf.a(_cr__main.o)
                              ./startup/startup_mkl25z4.o (__main)
c:/nxp/mcuxpressoide_10.3.0_2200/ide/plugins/com.nxp.mcuxpresso.tools.win32_10.3.0.201811011841/tools/bin/../lib/gcc/arm-none-eabi/7.3.1/../../../../arm-none-eabi/lib/thumb/v6-m\libcr_semihost_nf.a(_cr_assert.o)
                              ./source/adc16_polling.o (__assertion_failed)
c:/nxp/mcuxpressoide_10.3.0_2200/ide/plugins/com.nxp.mcuxpresso.tools.win32_10.3.0.201811011841/tools/bin/../lib/gcc/arm-none-eabi/7.3.1/../../../../arm-none-eabi/lib/thumb/v6-m\libcr_semihost_nf.a(__ciob.o)
                              c:/nxp/mcuxpressoide_10.3.0_2200/ide/plugins/com.nxp.mcuxpresso.tools.win32_10.3.0.201811011841/tools/bin/../lib/gcc/arm-none-eabi/7.3.1/../../../../arm-none-eabi/lib/thumb/v6-m\libcr_semihost_nf.a(_cr_assert.o) (__Ciob)
c:/nxp/mcuxpressoide_10.3.0_2200/ide/plugins/com.nxp.mcuxpresso.tools.win32_10.3.0.201811011841/tools/bin/../lib/gcc/arm-none-eabi/7.3.1/../../../../arm-none-eabi/lib/thumb/v6-m\libcr_semihost_nf.a(__sys_appexit.o)
                              c:/nxp/mcuxpressoide_10.3.0_2200/ide/plugins/com.nxp.mcuxpresso.tools.win32_10.3.0.201811011841/tools/bin/../lib/gcc/arm-none-eabi/7.3.1/../../../../arm-none-eabi/lib/thumb/v6-m\libcr_semihost_nf.a(_cr_assert.o) (__sys_appexit)
c:/nxp/mcuxpressoide_10.3.0_2200/ide/plugins/com.nxp.mcuxpresso.tools.win32_10.3.0.201811011841/tools/bin/../lib/gcc/arm-none-eabi/7.3.1/../../../../arm-none-eabi/lib/thumb/v6-m\libcr_c.a(memcpy.o)
                              ./drivers/fsl_flash.o (memcpy)
c:/nxp/mcuxpressoide_10.3.0_2200/ide/plugins/com.nxp.mcuxpresso.tools.win32_10.3.0.201811011841/tools/bin/../lib/gcc/arm-none-eabi/7.3.1/../../../../arm-none-eabi/lib/thumb/v6-m\libcr_c.a(memset.o)
                              ./drivers/fsl_flash.o (memset)
c:/nxp/mcuxpressoide_10.3.0_2200/ide/plugins/com.nxp.mcuxpresso.tools.win32_10.3.0.201811011841/tools/bin/../lib/gcc/arm-none-eabi/7.3.1/../../../../arm-none-eabi/lib/thumb/v6-m\libcr_c.a(_deferredlazyseek.o)
                              c:/nxp/mcuxpressoide_10.3.0_2200/ide/plugins/com.nxp.mcuxpresso.tools.win32_10.3.0.201811011841/tools/bin/../lib/gcc/arm-none-eabi/7.3.1/../../../../arm-none-eabi/lib/thumb/v6-m\libcr_semihost_nf.a(_cr_assert.o) (__flsbuf)
c:/nxp/mcuxpressoide_10.3.0_2200/ide/plugins/com.nxp.mcuxpresso.tools.win32_10.3.0.201811011841/tools/bin/../lib/gcc/arm-none-eabi/7.3.1/../../../../arm-none-eabi/lib/thumb/v6-m\libcr_c.a(_fflush.o)
                              c:/nxp/mcuxpressoide_10.3.0_2200/ide/plugins/com.nxp.mcuxpresso.tools.win32_10.3.0.201811011841/tools/bin/../lib/gcc/arm-none-eabi/7.3.1/../../../../arm-none-eabi/lib/thumb/v6-m\libcr_c.a(_deferredlazyseek.o) (_fflush)
c:/nxp/mcuxpressoide_10.3.0_2200/ide/plugins/com.nxp.mcuxpresso.tools.win32_10.3.0.201811011841/tools/bin/../lib/gcc/arm-none-eabi/7.3.1/../../../../arm-none-eabi/lib/thumb/v6-m\libcr_c.a(_writebuf.o)
                              c:/nxp/mcuxpressoide_10.3.0_2200/ide/plugins/com.nxp.mcuxpresso.tools.win32_10.3.0.201811011841/tools/bin/../lib/gcc/arm-none-eabi/7.3.1/../../../../arm-none-eabi/lib/thumb/v6-m\libcr_c.a(_deferredlazyseek.o) (_Cwritebuf)
c:/nxp/mcuxpressoide_10.3.0_2200/ide/plugins/com.nxp.mcuxpresso.tools.win32_10.3.0.201811011841/tools/bin/../lib/gcc/arm-none-eabi/7.3.1/../../../../arm-none-eabi/lib/thumb/v6-m\libcr_c.a(alloc.o)
                              c:/nxp/mcuxpressoide_10.3.0_2200/ide/plugins/com.nxp.mcuxpresso.tools.win32_10.3.0.201811011841/tools/bin/../lib/gcc/arm-none-eabi/7.3.1/../../../../arm-none-eabi/lib/thumb/v6-m\libcr_c.a(_deferredlazyseek.o) (_Csys_alloc)
c:/nxp/mcuxpressoide_10.3.0_2200/ide/plugins/com.nxp.mcuxpresso.tools.win32_10.3.0.201811011841/tools/bin/../lib/gcc/arm-none-eabi/7.3.1/../../../../arm-none-eabi/lib/thumb/v6-m\libcr_c.a(fputs.o)
                              c:/nxp/mcuxpressoide_10.3.0_2200/ide/plugins/com.nxp.mcuxpresso.tools.win32_10.3.0.201811011841/tools/bin/../lib/gcc/arm-none-eabi/7.3.1/../../../../arm-none-eabi/lib/thumb/v6-m\libcr_semihost_nf.a(_cr_assert.o) (fputs)
c:/nxp/mcuxpressoide_10.3.0_2200/ide/plugins/com.nxp.mcuxpresso.tools.win32_10.3.0.201811011841/tools/bin/../lib/gcc/arm-none-eabi/7.3.1/../../../../arm-none-eabi/lib/thumb/v6-m\libcr_c.a(fseek.o)
                              c:/nxp/mcuxpressoide_10.3.0_2200/ide/plugins/com.nxp.mcuxpresso.tools.win32_10.3.0.201811011841/tools/bin/../lib/gcc/arm-none-eabi/7.3.1/../../../../arm-none-eabi/lib/thumb/v6-m\libcr_c.a(_deferredlazyseek.o) (fseek)
c:/nxp/mcuxpressoide_10.3.0_2200/ide/plugins/com.nxp.mcuxpresso.tools.win32_10.3.0.201811011841/tools/bin/../lib/gcc/arm-none-eabi/7.3.1/../../../../arm-none-eabi/lib/thumb/v6-m\libcr_c.a(ftell.o)
[...]
Memory Configuration

Name             Origin             Length             Attributes
PROGRAM_FLASH    0x00000000         0x00020000         xr
SRAM             0x1ffff000         0x00004000         xrw
*default*        0x00000000         0xffffffff

Linker script and memory map

LOAD ./utilities/fsl_debug_console.o
LOAD ./startup/startup_mkl25z4.o
LOAD ./source/adc16_polling.o
LOAD ./source/mtb.o
LOAD ./source/semihost_hardfault.o
LOAD ./drivers/fsl_adc16.o
LOAD ./drivers/fsl_clock.o
LOAD ./drivers/fsl_common.o
LOAD ./drivers/fsl_flash.o
LOAD ./drivers/fsl_gpio.o
LOAD ./drivers/fsl_lpsci.o
LOAD ./drivers/fsl_smc.o
LOAD ./drivers/fsl_uart.o
LOAD ./board/board.o
LOAD ./board/clock_config.o
LOAD ./board/pin_mux.o
LOAD ./CMSIS/system_MKL25Z4.o
START GROUP
LOAD c:/nxp/mcuxpressoide_10.3.0_2200/ide/plugins/com.nxp.mcuxpresso.tools.win32_10.3.0.201811011841/tools/bin/../lib/gcc/arm-none-eabi/7.3.1/../../../../arm-none-eabi/lib/thumb/v6-m\libcr_semihost_nf.a
LOAD c:/nxp/mcuxpressoide_10.3.0_2200/ide/plugins/com.nxp.mcuxpresso.tools.win32_10.3.0.201811011841/tools/bin/../lib/gcc/arm-none-eabi/7.3.1/../../../../arm-none-eabi/lib/thumb/v6-m\libcr_c.a
LOAD c:/nxp/mcuxpressoide_10.3.0_2200/ide/plugins/com.nxp.mcuxpresso.tools.win32_10.3.0.201811011841/tools/bin/../lib/gcc/arm-none-eabi/7.3.1/thumb/v6-m\libcr_eabihelpers.a
END GROUP
                0x00000000                __base_PROGRAM_FLASH = 0x0
                0x00000000                __base_Flash = 0x0
                0x00020000                __top_PROGRAM_FLASH = 0x20000
                0x00020000                __top_Flash = 0x20000
                0x1ffff000                __base_SRAM = 0x1ffff000
                0x1ffff000                __base_RAM = 0x1ffff000
                0x20003000                __top_SRAM = 0x20003000
                0x20003000                __top_RAM = 0x20003000

.text           0x00000000     0x429c
 FILL mask 0xff
                0x00000000                __vectors_start__ = ABSOLUTE (.)
 *(SORT_BY_ALIGNMENT(.isr_vector))
 .isr_vector    0x00000000       0xc0 ./startup/startup_mkl25z4.o
                0x00000000                g_pfnVectors
                0x00000000                __Vectors
                0x000000c0                . = ALIGN (0x4)
                0x000000c0                __section_table_start = .
                0x000000c0                __data_section_table = .
                0x000000c0        0x4 LONG 0x429c LOADADDR (.data)
                0x000000c4        0x4 LONG 0x1ffff080 ADDR (.data)
                0x000000c8        0x4 LONG 0x8 SIZEOF (.data)
                0x000000cc                __data_section_table_end = .
                0x000000cc                __bss_section_table = .
                0x000000cc        0x4 LONG 0x1ffff088 ADDR (.bss)
                0x000000d0        0x4 LONG 0xec SIZEOF (.bss)
                0x000000d4                __bss_section_table_end = .
                0x000000d4                __section_table_end = .
 *(SORT_BY_ALIGNMENT(.after_vectors*))
 .after_vectors.reset
                0x000000d4       0x4c ./startup/startup_mkl25z4.o
                0x000000d4                ResetISR
 .after_vectors.init_data
                0x00000120       0x16 ./startup/startup_mkl25z4.o
                0x00000120                data_init
 .after_vectors.init_bss
                0x00000136       0x12 ./startup/startup_mkl25z4.o
                0x00000136                bss_init
 .after_vectors
                0x00000148      0x10c ./startup/startup_mkl25z4.o
                0x00000148                NMI_Handler
                0x0000014c                SVC_Handler
                0x0000014e                PendSV_Handler
                0x00000150                SysTick_Handler
                0x00000152                LPTMR0_DriverIRQHandler
                0x00000152                Reserved39_DriverIRQHandler
                0x00000152                DMA0_DriverIRQHandler
                0x00000152                SPI1_DriverIRQHandler
                0x00000152                I2C0_DriverIRQHandler
                0x00000152                PORTD_DriverIRQHandler
                0x00000152                DMA2_DriverIRQHandler
                0x00000152                CMP0_DriverIRQHandler
                0x00000152                TPM2_DriverIRQHandler
                0x00000152                ADC0_DriverIRQHandler
                0x00000152                SPI0_DriverIRQHandler
                0x00000152                TSI0_DriverIRQHandler
                0x00000152                RTC_Seconds_DriverIRQHandler
                0x00000152                I2C1_DriverIRQHandler
                0x00000152                DMA1_DriverIRQHandler
                0x00000152                LLWU_DriverIRQHandler
                0x00000152                MCG_DriverIRQHandler
                0x00000152                PIT_DriverIRQHandler
                0x00000152                RTC_DriverIRQHandler
                0x00000152                TPM1_DriverIRQHandler
                0x00000152                FTFA_DriverIRQHandler
                0x00000152                IntDefaultHandler
                0x00000152                USB0_DriverIRQHandler
                0x00000152                DAC0_DriverIRQHandler
                0x00000152                PORTA_DriverIRQHandler
                0x00000152                LVD_LVW_DriverIRQHandler
                0x00000152                TPM0_DriverIRQHandler
                0x00000152                Reserved45_DriverIRQHandler
                0x00000152                DMA3_DriverIRQHandler
                0x00000152                Reserved20_DriverIRQHandler
                0x00000154                DMA0_IRQHandler
                0x0000015c                DMA1_IRQHandler
                0x00000164                DMA2_IRQHandler
                0x0000016c                DMA3_IRQHandler
                0x00000174                Reserved20_IRQHandler
                0x0000017c                FTFA_IRQHandler
                0x00000184                LVD_LVW_IRQHandler
                0x0000018c                LLWU_IRQHandler
                0x00000194                I2C0_IRQHandler
                0x0000019c                I2C1_IRQHandler
                0x000001a4                SPI0_IRQHandler
                0x000001ac                SPI1_IRQHandler
                0x000001b4                UART0_IRQHandler
                0x000001bc                UART1_IRQHandler
                0x000001c4                UART2_IRQHandler
                0x000001cc                ADC0_IRQHandler
                0x000001d4                CMP0_IRQHandler
                0x000001dc                TPM0_IRQHandler
                0x000001e4                TPM1_IRQHandler
                0x000001ec                TPM2_IRQHandler
                0x000001f4                RTC_IRQHandler
                0x000001fc                RTC_Seconds_IRQHandler
                0x00000204                PIT_IRQHandler
                0x0000020c                Reserved39_IRQHandler
                0x00000214                USB0_IRQHandler
                0x0000021c                DAC0_IRQHandler
                0x00000224                TSI0_IRQHandler
                0x0000022c                MCG_IRQHandler
                0x00000234                LPTMR0_IRQHandler
                0x0000023c                Reserved45_IRQHandler
                0x00000244                PORTA_IRQHandler
                0x0000024c                PORTD_IRQHandler
                0x00000400                . = 0x400
 *fill*         0x00000254      0x1ac ff
                0x00000400                PROVIDE (__FLASH_CONFIG_START__ = .)
 *(SORT_BY_ALIGNMENT(.FlashConfig))
 .FlashConfig   0x00000400       0x10 ./startup/startup_mkl25z4.o
                0x00000400                Flash_Config
                0x00000410                PROVIDE (__FLASH_CONFIG_END__ = .)
                0x00000001                ASSERT (! ((__FLASH_CONFIG_START__ == __FLASH_CONFIG_END__)), Linker Flash Config Support Enabled, but no .FlashConfig section provided within application)
 *(SORT_BY_ALIGNMENT(.text*))
 .text.DbgConsole_Init
                0x00000410       0xf4 ./utilities/fsl_debug_console.o
                0x00000410                DbgConsole_Init
 .text.ADC16_GetChannelConversionValue
                0x00000504       0x30 ./source/adc16_polling.o
 .text.main     0x00000534      0x17c ./source/adc16_polling.o
                0x00000534                main
 .text.Delay    0x000006b0       0x28 ./source/adc16_polling.o
 .text.HardFault_Handler
                0x000006d8       0x30 ./source/semihost_hardfault.o
                0x000006d8                HardFault_Handler
 .text.CLOCK_EnableClock
                0x00000708       0x34 ./drivers/fsl_adc16.o
 .text.ADC16_GetInstance
                0x0000073c       0x48 ./drivers/fsl_adc16.o
 .text.ADC16_Init
                0x00000784      0x114 ./drivers/fsl_adc16.o
                0x00000784                ADC16_Init
 .text.ADC16_GetDefaultConfig
                0x00000898       0x58 ./drivers/fsl_adc16.o
                0x00000898                ADC16_GetDefaultConfig
 .text.ADC16_SetChannelConfig
                0x000008f0       0x6c ./drivers/fsl_adc16.o
                0x000008f0                ADC16_SetChannelConfig
 .text.ADC16_GetChannelStatusFlags
                0x0000095c       0x40 ./drivers/fsl_adc16.o
                0x0000095c                ADC16_GetChannelStatusFlags
 .text.CLOCK_SetEr32kClock
                0x0000099c       0x34 ./drivers/fsl_clock.o
 .text.CLOCK_SetPllFllSelClock
                0x000009d0       0x38 ./drivers/fsl_clock.o
 .text.CLOCK_GetMcgExtClkFreq
                0x00000a08       0x28 ./drivers/fsl_clock.o
 .text.CLOCK_GetFllExtRefClkFreq
                0x00000a30       0xa4 ./drivers/fsl_clock.o
 .text.CLOCK_GetFllRefClkFreq
                0x00000ad4       0x2c ./drivers/fsl_clock.o
 .text.CLOCK_GetOscRangeFromFreq
                0x00000b00       0x4c ./drivers/fsl_clock.o
 .text.CLOCK_GetPllFllSelClkFreq
                0x00000b4c       0x4c ./drivers/fsl_clock.o
                0x00000b4c                CLOCK_GetPllFllSelClkFreq
 .text.CLOCK_SetSimConfig
                0x00000b98       0x38 ./drivers/fsl_clock.o
                0x00000b98                CLOCK_SetSimConfig
 .text.CLOCK_GetFllFreq
                0x00000bd0       0x84 ./drivers/fsl_clock.o
                0x00000bd0                CLOCK_GetFllFreq
 .text.CLOCK_GetPll0Freq
                0x00000c54       0x70 ./drivers/fsl_clock.o
                0x00000c54                CLOCK_GetPll0Freq
 .text.CLOCK_SetInternalRefClkConfig
                0x00000cc4      0x128 ./drivers/fsl_clock.o
                0x00000cc4                CLOCK_SetInternalRefClkConfig
 .text.CLOCK_EnablePll0
                0x00000dec       0x90 ./drivers/fsl_clock.o
                0x00000dec                CLOCK_EnablePll0
 .text.CLOCK_InitOsc0
                0x00000e7c       0x94 ./drivers/fsl_clock.o
                0x00000e7c                CLOCK_InitOsc0
 .text.CLOCK_SetPbeMode
                0x00000f10       0xb0 ./drivers/fsl_clock.o
                0x00000f10                CLOCK_SetPbeMode
 .text.CLOCK_BootToPeeMode
                0x00000fc0       0x70 ./drivers/fsl_clock.o
                0x00000fc0                CLOCK_BootToPeeMode
 .text.CLOCK_EnableClock
                0x00001030       0x34 ./drivers/fsl_lpsci.o
 .text.LPSCI_GetInstance
                0x00001064       0x48 ./drivers/fsl_lpsci.o
                0x00001064                LPSCI_GetInstance
 .text.LPSCI_Init
                0x000010ac      0x260 ./drivers/fsl_lpsci.o
                0x000010ac                LPSCI_Init
 .text.LPSCI_GetDefaultConfig
                0x0000130c       0x44 ./drivers/fsl_lpsci.o
                0x0000130c                LPSCI_GetDefaultConfig
 .text.LPSCI_ClearStatusFlags
                0x00001350       0x94 ./drivers/fsl_lpsci.o
                0x00001350                LPSCI_ClearStatusFlags
 .text.LPSCI_WriteBlocking
                0x000013e4       0x4c ./drivers/fsl_lpsci.o
                0x000013e4                LPSCI_WriteBlocking
 .text.LPSCI_ReadBlocking
                0x00001430       0xc0 ./drivers/fsl_lpsci.o
                0x00001430                LPSCI_ReadBlocking
 .text.UART0_DriverIRQHandler
                0x000014f0       0x24 ./drivers/fsl_lpsci.o
                0x000014f0                UART0_DriverIRQHandler
 .text.CLOCK_EnableClock
                0x00001514       0x34 ./drivers/fsl_uart.o
 .text.UART_GetInstance
                0x00001548       0x54 ./drivers/fsl_uart.o
                0x00001548                UART_GetInstance
 .text.UART_Init
                0x0000159c      0x1e8 ./drivers/fsl_uart.o
                0x0000159c                UART_Init
 .text.UART_GetDefaultConfig
                0x00001784       0x44 ./drivers/fsl_uart.o
                0x00001784                UART_GetDefaultConfig
 .text.UART_ReadBlocking
                0x000017c8       0x98 ./drivers/fsl_uart.o
                0x000017c8                UART_ReadBlocking
 .text.UART1_DriverIRQHandler
                0x00001860       0x24 ./drivers/fsl_uart.o
                0x00001860                UART1_DriverIRQHandler
 .text.UART2_DriverIRQHandler
                0x00001884       0x24 ./drivers/fsl_uart.o
                0x00001884                UART2_DriverIRQHandler
 .text.CLOCK_SetLpsci0Clock
                0x000018a8       0x38 ./board/board.o
 .text.BOARD_InitDebugConsole
                0x000018e0       0x30 ./board/board.o
                0x000018e0                BOARD_InitDebugConsole
 .text.CLOCK_SetSimSafeDivs
                0x00001910       0x20 ./board/clock_config.o
 .text.CLOCK_SetXtal0Freq
                0x00001930       0x1c ./board/clock_config.o
 .text.CLOCK_CONFIG_SetFllExtRefDiv
                0x0000194c       0x3c ./board/clock_config.o
 .text.BOARD_BootClockRUN
                0x00001988       0x64 ./board/clock_config.o
                0x00001988                BOARD_BootClockRUN
 .text.CLOCK_EnableClock
                0x000019ec       0x34 ./board/pin_mux.o
 .text.PORT_SetPinMux
                0x00001a20       0x40 ./board/pin_mux.o
 .text.BOARD_InitPins
                0x00001a60       0x68 ./board/pin_mux.o
                0x00001a60                BOARD_InitPins
 .text.SystemInit
                0x00001ac8       0x18 ./CMSIS/system_MKL25Z4.o
                0x00001ac8                SystemInit
 .text.__assertion_failed
                0x00001ae0       0x4c c:/nxp/mcuxpressoide_10.3.0_2200/ide/plugins/com.nxp.mcuxpresso.tools.win32_10.3.0.201811011841/tools/bin/../lib/gcc/arm-none-eabi/7.3.1/../../../../arm-none-eabi/lib/thumb/v6-m\libcr_semihost_nf.a(_cr_assert.o)
                0x00001ae0                __assertion_failed
 .text.__sys_appexit
                0x00001b2c        0xc c:/nxp/mcuxpressoide_10.3.0_2200/ide/plugins/com.nxp.mcuxpresso.tools.win32_10.3.0.201811011841/tools/bin/../lib/gcc/arm-none-eabi/7.3.1/../../../../arm-none-eabi/lib/thumb/v6-m\libcr_semihost_nf.a(__sys_appexit.o)
                0x00001b2c                __sys_appexit
                0x00001b2c                __exit
 .text._deferredlazyseek
                0x00001b38       0x40 c:/nxp/mcuxpressoide_10.3.0_2200/ide/plugins/com.nxp.mcuxpresso.tools.win32_10.3.0.201811011841/tools/bin/../lib/gcc/arm-none-eabi/7.3.1/../../../../arm-none-eabi/lib/thumb/v6-m\libcr_c.a(_deferredlazyseek.o)
                0x00001b38                _deferredlazyseek
 .text.__flsbuf
                0x00001b78      0x14c c:/nxp/mcuxpressoide_10.3.0_2200/ide/plugins/com.nxp.mcuxpresso.tools.win32_10.3.0.201811011841/tools/bin/../lib/gcc/arm-none-eabi/7.3.1/../../../../arm-none-eabi/lib/thumb/v6-m\libcr_c.a(_deferredlazyseek.o)
                0x00001b78                __flsbuf
 .text._fflush  0x00001cc4       0x5c c:/nxp/mcuxpressoide_10.3.0_2200/ide/plugins/com.nxp.mcuxpresso.tools.win32_10.3.0.201811011841/tools/bin/../lib/gcc/arm-none-eabi/7.3.1/../../../../arm-none-eabi/lib/thumb/v6-m\libcr_c.a(_fflush.o)
                0x00001cc4                _fflush
 .text._Cwritebuf
                0x00001d20       0x68 c:/nxp/mcuxpressoide_10.3.0_2200/ide/plugins/com.nxp.mcuxpresso.tools.win32_10.3.0.201811011841/tools/bin/../lib/gcc/arm-none-eabi/7.3.1/../../../../arm-none-eabi/lib/thumb/v6-m\libcr_c.a(_writebuf.o)
                0x00001d20                _Cwritebuf
 .text.malloc   0x00001d88       0xcc c:/nxp/mcuxpressoide_10.3.0_2200/ide/plugins/com.nxp.mcuxpresso.tools.win32_10.3.0.201811011841/tools/bin/../lib/gcc/arm-none-eabi/7.3.1/../../../../arm-none-eabi/lib/thumb/v6-m\libcr_c.a(alloc.o)
                0x00001d88                malloc
 .text._Csys_alloc
                0x00001e54       0x20 c:/nxp/mcuxpressoide_10.3.0_2200/ide/plugins/com.nxp.mcuxpresso.tools.win32_10.3.0.201811011841/tools/bin/../lib/gcc/arm-none-eabi/7.3.1/../../../../arm-none-eabi/lib/thumb/v6-m\libcr_c.a(alloc.o)
                0x00001e54                _Csys_alloc
 .text.fseek    0x00001e74       0xf0 c:/nxp/mcuxpressoide_10.3.0_2200/ide/plugins/com.nxp.mcuxpresso.tools.win32_10.3.0.201811011841/tools/bin/../lib/gcc/arm-none-eabi/7.3.1/../../../../arm-none-eabi/lib/thumb/v6-m\libcr_c.a(fseek.o)
                0x00001e74                fseek
 .text.ftell    0x00001f64       0x48 c:/nxp/mcuxpressoide_10.3.0_2200/ide/plugins/com.nxp.mcuxpresso.tools.win32_10.3.0.201811011841/tools/bin/../lib/gcc/arm-none-eabi/7.3.1/../../../../arm-none-eabi/lib/thumb/v6-m\libcr_c.a(ftell.o)
                0x00001f64                ftell
 .text._initio  0x00001fac       0x7c c:/nxp/mcuxpressoide_10.3.0_2200/ide/plugins/com.nxp.mcuxpresso.tools.win32_10.3.0.201811011841/tools/bin/../lib/gcc/arm-none-eabi/7.3.1/../../../../arm-none-eabi/lib/thumb/v6-m\libcr_c.a(initio.o)
                0x00001fac                _initio
 .text.__vfprintf
                0x00002028      0xcb8 c:/nxp/mcuxpressoide_10.3.0_2200/ide/plugins/com.nxp.mcuxpresso.tools.win32_10.3.0.201811011841/tools/bin/../lib/gcc/arm-none-eabi/7.3.1/../../../../arm-none-eabi/lib/thumb/v6-m\libcr_c.a(printf.o)
                0x00002028                __vfprintf
 .text._vsnprintf
                0x00002ce0       0x70 c:/nxp/mcuxpressoide_10.3.0_2200/ide/plugins/com.nxp.mcuxpresso.tools.win32_10.3.0.201811011841/tools/bin/../lib/gcc/arm-none-eabi/7.3.1/../../../../arm-none-eabi/lib/thumb/v6-m\libcr_c.a(printf.o)
                0x00002ce0                _vsnprintf
 .text._printf  0x00002d50       0x50 c:/nxp/mcuxpressoide_10.3.0_2200/ide/plugins/com.nxp.mcuxpresso.tools.win32_10.3.0.201811011841/tools/bin/../lib/gcc/arm-none-eabi/7.3.1/../../../../arm-none-eabi/lib/thumb/v6-m\libcr_c.a(printf.o)
                0x00002d50                _printf
 .text.setvbuf  0x00002da0       0x48 c:/nxp/mcuxpressoide_10.3.0_2200/ide/plugins/com.nxp.mcuxpresso.tools.win32_10.3.0.201811011841/tools/bin/../lib/gcc/arm-none-eabi/7.3.1/../../../../arm-none-eabi/lib/thumb/v6-m\libcr_c.a(setvbuf.o)
                0x00002da0                setvbuf
 .text.strlen   0x00002de8       0x58 c:/nxp/mcuxpressoide_10.3.0_2200/ide/plugins/com.nxp.mcuxpresso.tools.win32_10.3.0.201811011841/tools/bin/../lib/gcc/arm-none-eabi/7.3.1/../../../../arm-none-eabi/lib/thumb/v6-m\libcr_c.a(strlen.o)
                0x00002de8                strlen
 .text._sbrk    0x00002e40       0x40 c:/nxp/mcuxpressoide_10.3.0_2200/ide/plugins/com.nxp.mcuxpresso.tools.win32_10.3.0.201811011841/tools/bin/../lib/gcc/arm-none-eabi/7.3.1/../../../../arm-none-eabi/lib/thumb/v6-m\libcr_c.a(_cr_sbrk.o)
                0x00002e40                _sbrk
 .text._fdopen  0x00002e80       0x74 c:/nxp/mcuxpressoide_10.3.0_2200/ide/plugins/com.nxp.mcuxpresso.tools.win32_10.3.0.201811011841/tools/bin/../lib/gcc/arm-none-eabi/7.3.1/../../../../arm-none-eabi/lib/thumb/v6-m\libcr_c.a(_fdopen.o)
                0x00002e80                _fdopen
 .text.fclose   0x00002ef4       0x5c c:/nxp/mcuxpressoide_10.3.0_2200/ide/plugins/com.nxp.mcuxpresso.tools.win32_10.3.0.201811011841/tools/bin/../lib/gcc/arm-none-eabi/7.3.1/../../../../arm-none-eabi/lib/thumb/v6-m\libcr_c.a(fclose.o)
                0x00002ef4                fclose
 .text.fflush   0x00002f50       0x44 c:/nxp/mcuxpressoide_10.3.0_2200/ide/plugins/com.nxp.mcuxpresso.tools.win32_10.3.0.201811011841/tools/bin/../lib/gcc/arm-none-eabi/7.3.1/../../../../arm-none-eabi/lib/thumb/v6-m\libcr_c.a(fflush.o)
                0x00002f50                fflush
 .text.__check_heap_overflow
                0x00002f94       0x14 c:/nxp/mcuxpressoide_10.3.0_2200/ide/plugins/com.nxp.mcuxpresso.tools.win32_10.3.0.201811011841/tools/bin/../lib/gcc/arm-none-eabi/7.3.1/../../../../arm-none-eabi/lib/thumb/v6-m\libcr_c.a(_cr_check_heap.o)
                0x00002f94                __check_heap_overflow
 .text._do_fflush
                0x00002fa8       0x44 c:/nxp/mcuxpressoide_10.3.0_2200/ide/plugins/com.nxp.mcuxpresso.tools.win32_10.3.0.201811011841/tools/bin/../lib/gcc/arm-none-eabi/7.3.1/../../../../arm-none-eabi/lib/thumb/v6-m\libcr_c.a(_do_fflush.o)
                0x00002fa8                _do_fflush
 .text.UART_EnableTx
                0x00002fec       0x40 ./utilities/fsl_debug_console.o
 .text.UART_EnableRx
                0x0000302c       0x40 ./utilities/fsl_debug_console.o
 .text.LPSCI_EnableTx
                0x0000306c       0x40 ./utilities/fsl_debug_console.o
 .text.LPSCI_EnableRx
                0x000030ac       0x40 ./utilities/fsl_debug_console.o
 .text.ADC16_EnableHardwareTrigger
                0x000030ec       0x3a ./source/adc16_polling.o
 .text.Abs      0x00003126       0x28 ./source/adc16_polling.o
                0x00003126                Abs
 .text.ADC16_DoAutoCalibration
                0x0000314e      0x11a ./drivers/fsl_adc16.o
                0x0000314e                ADC16_DoAutoCalibration
 .text.ADC16_GetStatusFlags
                0x00003268       0x3a ./drivers/fsl_adc16.o
                0x00003268                ADC16_GetStatusFlags
 .text.OSC_SetExtRefClkConfig
                0x000032a2       0x3e ./drivers/fsl_clock.o
 .text.OSC_SetCapLoad
                0x000032e0       0x42 ./drivers/fsl_clock.o
 .text.CLOCK_GetPll0RefFreq
                0x00003322       0x10 ./drivers/fsl_clock.o
 .text.CLOCK_SetExternalRefClkConfig
                0x00003332       0x16 ./drivers/fsl_clock.o
                0x00003332                CLOCK_SetExternalRefClkConfig
 .text.LPSCI_GetStatusFlags
                0x00003348       0x26 ./drivers/fsl_lpsci.o
                0x00003348                LPSCI_GetStatusFlags
 .text.UART_GetStatusFlags
                0x0000336e       0x26 ./drivers/fsl_uart.o
                0x0000336e                UART_GetStatusFlags
 .text.UART_WriteBlocking
                0x00003394       0x3a ./drivers/fsl_uart.o
                0x00003394                UART_WriteBlocking
 .text.__main   0x000033ce        0xc c:/nxp/mcuxpressoide_10.3.0_2200/ide/plugins/com.nxp.mcuxpresso.tools.win32_10.3.0.201811011841/tools/bin/../lib/gcc/arm-none-eabi/7.3.1/../../../../arm-none-eabi/lib/thumb/v6-m\libcr_semihost_nf.a(_cr__main.o)
                0x000033ce                __CR_SEMIHOST
                0x000033ce                __main
 .text.memset   0x000033da        0x8 c:/nxp/mcuxpressoide_10.3.0_2200/ide/plugins/com.nxp.mcuxpresso.tools.win32_10.3.0.201811011841/tools/bin/../lib/gcc/arm-none-eabi/7.3.1/../../../../arm-none-eabi/lib/thumb/v6-m\libcr_c.a(memset.o)
                0x000033da                memset
 .text.free     0x000033e2       0x2c c:/nxp/mcuxpressoide_10.3.0_2200/ide/plugins/com.nxp.mcuxpresso.tools.win32_10.3.0.201811011841/tools/bin/../lib/gcc/arm-none-eabi/7.3.1/../../../../arm-none-eabi/lib/thumb/v6-m\libcr_c.a(alloc.o)
                0x000033e2                free
 .text.fputs    0x0000340e       0x2e c:/nxp/mcuxpressoide_10.3.0_2200/ide/plugins/com.nxp.mcuxpresso.tools.win32_10.3.0.201811011841/tools/bin/../lib/gcc/arm-none-eabi/7.3.1/../../../../arm-none-eabi/lib/thumb/v6-m\libcr_c.a(fputs.o)
                0x0000340e                fputs
 .text.no_fp_display
                0x0000343c        0x4 c:/nxp/mcuxpressoide_10.3.0_2200/ide/plugins/com.nxp.mcuxpresso.tools.win32_10.3.0.201811011841/tools/bin/../lib/gcc/arm-none-eabi/7.3.1/../../../../arm-none-eabi/lib/thumb/v6-m\libcr_c.a(printf.o)
 .text.remove   0x00003440       0x12 c:/nxp/mcuxpressoide_10.3.0_2200/ide/plugins/com.nxp.mcuxpresso.tools.win32_10.3.0.201811011841/tools/bin/../lib/gcc/arm-none-eabi/7.3.1/../../../../arm-none-eabi/lib/thumb/v6-m\libcr_c.a(remove.o)
                0x00003440                remove
 .text.__aeabi_division_idivmod
                0x00003452       0x78 c:/nxp/mcuxpressoide_10.3.0_2200/ide/plugins/com.nxp.mcuxpresso.tools.win32_10.3.0.201811011841/tools/bin/../lib/gcc/arm-none-eabi/7.3.1/thumb/v6-m\libcr_eabihelpers.a(division_32.o)
                0x00003452                __aeabi_idivmod
                0x00003452                __aeabi_idiv
                0x00003458                __aeabi_uidivmod
                0x00003458                __aeabi_uidiv
 .text.__aeabi_division_idiv0
                0x000034ca        0x2 c:/nxp/mcuxpressoide_10.3.0_2200/ide/plugins/com.nxp.mcuxpresso.tools.win32_10.3.0.201811011841/tools/bin/../lib/gcc/arm-none-eabi/7.3.1/thumb/v6-m\libcr_eabihelpers.a(division_idiv0.o)
                0x000034ca                __aeabi_idiv0
 .text.__aeabi_llong_lmul
                0x000034cc       0x2e c:/nxp/mcuxpressoide_10.3.0_2200/ide/plugins/com.nxp.mcuxpresso.tools.win32_10.3.0.201811011841/tools/bin/../lib/gcc/arm-none-eabi/7.3.1/thumb/v6-m\libcr_eabihelpers.a(llong.o)
                0x000034cc                __aeabi_lmul
 .text.__aeabi_memset_lowlevel
                0x000034fa       0x2a c:/nxp/mcuxpressoide_10.3.0_2200/ide/plugins/com.nxp.mcuxpresso.tools.win32_10.3.0.201811011841/tools/bin/../lib/gcc/arm-none-eabi/7.3.1/thumb/v6-m\libcr_eabihelpers.a(memcpy.o)
                0x000034fa                __aeabi_lowlevel_memset
 .text.__sys_close
                0x00003524        0xc c:/nxp/mcuxpressoide_10.3.0_2200/ide/plugins/com.nxp.mcuxpresso.tools.win32_10.3.0.201811011841/tools/bin/../lib/gcc/arm-none-eabi/7.3.1/../../../../arm-none-eabi/lib/thumb/v6-m\libcr_semihost_nf.a(__sys_close.o)
                0x00003524                __sys_close
 .text.__sys_flen
                0x00003530        0xc c:/nxp/mcuxpressoide_10.3.0_2200/ide/plugins/com.nxp.mcuxpresso.tools.win32_10.3.0.201811011841/tools/bin/../lib/gcc/arm-none-eabi/7.3.1/../../../../arm-none-eabi/lib/thumb/v6-m\libcr_semihost_nf.a(__sys_flen.o)
                0x00003530                __sys_flen
 .text.__sys_istty
                0x0000353c        0xc c:/nxp/mcuxpressoide_10.3.0_2200/ide/plugins/com.nxp.mcuxpresso.tools.win32_10.3.0.201811011841/tools/bin/../lib/gcc/arm-none-eabi/7.3.1/../../../../arm-none-eabi/lib/thumb/v6-m\libcr_semihost_nf.a(__sys_istty.o)
                0x0000353c                __sys_istty
 .text.__sys_remove
                0x00003548        0xc c:/nxp/mcuxpressoide_10.3.0_2200/ide/plugins/com.nxp.mcuxpresso.tools.win32_10.3.0.201811011841/tools/bin/../lib/gcc/arm-none-eabi/7.3.1/../../../../arm-none-eabi/lib/thumb/v6-m\libcr_semihost_nf.a(__sys_remove.o)
                0x00003548                __sys_remove
 .text.__sys_seek
                0x00003554        0xc c:/nxp/mcuxpressoide_10.3.0_2200/ide/plugins/com.nxp.mcuxpresso.tools.win32_10.3.0.201811011841/tools/bin/../lib/gcc/arm-none-eabi/7.3.1/../../../../arm-none-eabi/lib/thumb/v6-m\libcr_semihost_nf.a(__sys_seek.o)
                0x00003554                __sys_seek
 .text.__sys_tmpnam
                0x00003560        0xc c:/nxp/mcuxpressoide_10.3.0_2200/ide/plugins/com.nxp.mcuxpresso.tools.win32_10.3.0.201811011841/tools/bin/../lib/gcc/arm-none-eabi/7.3.1/../../../../arm-none-eabi/lib/thumb/v6-m\libcr_semihost_nf.a(__sys_tmpnam.o)
                0x00003560                __sys_tmpnam
 .text.__sys_write
                0x0000356c        0xc c:/nxp/mcuxpressoide_10.3.0_2200/ide/plugins/com.nxp.mcuxpresso.tools.win32_10.3.0.201811011841/tools/bin/../lib/gcc/arm-none-eabi/7.3.1/../../../../arm-none-eabi/lib/thumb/v6-m\libcr_semihost_nf.a(__sys_write.o)
                0x0000356c                __sys_write
 *(SORT_BY_ALIGNMENT(.rodata) SORT_BY_ALIGNMENT(.rodata.*) SORT_BY_ALIGNMENT(.constdata) SORT_BY_ALIGNMENT(.constdata.*))
 .rodata        0x00003578      0x12f ./source/adc16_polling.o
 *fill*         0x000036a7        0x1 ff
 .rodata        0x000036a8      0x13a ./drivers/fsl_adc16.o
 *fill*         0x000037e2        0x2 ff
 .rodata        0x000037e4      0x11d ./drivers/fsl_clock.o
 *fill*         0x00003901        0x3 ff
 .rodata.fllFactorTable.5188
                0x00003904       0x10 ./drivers/fsl_clock.o
 .rodata        0x00003914      0x48c ./drivers/fsl_lpsci.o
 .rodata.s_uartBases
                0x00003da0        0xc ./drivers/fsl_uart.o
 .rodata.s_uartClock
                0x00003dac        0xc ./drivers/fsl_uart.o
 .rodata        0x00003db8      0x45b ./drivers/fsl_uart.o
 *fill*         0x00004213        0x1 ff
 .rodata.mcgConfig_BOARD_BootClockRUN
                0x00004214        0xa ./board/clock_config.o
                0x00004214                mcgConfig_BOARD_BootClockRUN
 *fill*         0x0000421e        0x2 ff
 .rodata.simConfig_BOARD_BootClockRUN
                0x00004220        0x8 ./board/clock_config.o
                0x00004220                simConfig_BOARD_BootClockRUN
 .rodata.oscConfig_BOARD_BootClockRUN
                0x00004228        0x8 ./board/clock_config.o
                0x00004228                oscConfig_BOARD_BootClockRUN
 .rodata.__num_Ciob_streams
                0x00004230        0x4 c:/nxp/mcuxpressoide_10.3.0_2200/ide/plugins/com.nxp.mcuxpresso.tools.win32_10.3.0.201811011841/tools/bin/../lib/gcc/arm-none-eabi/7.3.1/../../../../arm-none-eabi/lib/thumb/v6-m\libcr_semihost_nf.a(__ciob.o)
                0x00004230                __num_Ciob_streams
 .rodata.__assertion_failed.str1.1
                0x00004234       0x15 c:/nxp/mcuxpressoide_10.3.0_2200/ide/plugins/com.nxp.mcuxpresso.tools.win32_10.3.0.201811011841/tools/bin/../lib/gcc/arm-none-eabi/7.3.1/../../../../arm-none-eabi/lib/thumb/v6-m\libcr_semihost_nf.a(_cr_assert.o)
 .rodata._Csys_alloc.str1.1
                0x00004249       0x18 c:/nxp/mcuxpressoide_10.3.0_2200/ide/plugins/com.nxp.mcuxpresso.tools.win32_10.3.0.201811011841/tools/bin/../lib/gcc/arm-none-eabi/7.3.1/../../../../arm-none-eabi/lib/thumb/v6-m\libcr_c.a(alloc.o)
 .rodata._initio.str1.1
                0x00004261        0x4 c:/nxp/mcuxpressoide_10.3.0_2200/ide/plugins/com.nxp.mcuxpresso.tools.win32_10.3.0.201811011841/tools/bin/../lib/gcc/arm-none-eabi/7.3.1/../../../../arm-none-eabi/lib/thumb/v6-m\libcr_c.a(initio.o)
 .rodata.__vfprintf.str1.1
                0x00004265       0x35 c:/nxp/mcuxpressoide_10.3.0_2200/ide/plugins/com.nxp.mcuxpresso.tools.win32_10.3.0.201811011841/tools/bin/../lib/gcc/arm-none-eabi/7.3.1/../../../../arm-none-eabi/lib/thumb/v6-m\libcr_c.a(printf.o)
                                 0x38 (size before relaxing)
                0x0000429c                . = ALIGN (0x4)
 *fill*         0x0000429a        0x2 ff

.glue_7         0x0000429c        0x0
 .glue_7        0x0000429c        0x0 linker stubs

.glue_7t        0x0000429c        0x0
 .glue_7t       0x0000429c        0x0 linker stubs

.vfp11_veneer   0x0000429c        0x0
 .vfp11_veneer  0x0000429c        0x0 linker stubs

.v4_bx          0x0000429c        0x0
 .v4_bx         0x0000429c        0x0 linker stubs

.iplt           0x0000429c        0x0
 .iplt          0x0000429c        0x0 ./utilities/fsl_debug_console.o

.rel.dyn        0x0000429c        0x0
 .rel.iplt      0x0000429c        0x0 ./utilities/fsl_debug_console.o

.ARM.extab
 *(SORT_BY_ALIGNMENT(.ARM.extab*) SORT_BY_ALIGNMENT(.gnu.linkonce.armextab.*))
                0x0000429c                __exidx_start = .

.ARM.exidx
 *(SORT_BY_ALIGNMENT(.ARM.exidx*) SORT_BY_ALIGNMENT(.gnu.linkonce.armexidx.*))
                0x0000429c                __exidx_end = .
                0x0000429c                _etext = .

.m_usb_data
 *(SORT_BY_ALIGNMENT(m_usb_bdt))

.mtb_buffer_default
                0x1ffff000       0x80
 *(SORT_BY_ALIGNMENT(.mtb*))
 .mtb.$RAM1     0x1ffff000       0x80 ./source/mtb.o
                0x1ffff000                __mtb_buffer__

.uninit_RESERVED
                0x1ffff080        0x0
 *(SORT_BY_ALIGNMENT(.bss.$RESERVED*))
                0x1ffff080                . = ALIGN (0x4)
                0x1ffff080                _end_uninit_RESERVED = .

.data           0x1ffff080        0x8 load address 0x0000429c
 FILL mask 0xff
                0x1ffff080                _data = .
 *(SORT_BY_ALIGNMENT(vtable))
 *(SORT_BY_ALIGNMENT(.ramfunc*))
 *(SORT_BY_ALIGNMENT(.data*))
 .data.s_slowIrcFreq
                0x1ffff080        0x4 ./drivers/fsl_clock.o
 .data.SystemCoreClock
                0x1ffff084        0x4 ./CMSIS/system_MKL25Z4.o
                0x1ffff084                SystemCoreClock
                0x1ffff088                . = ALIGN (0x4)
                0x1ffff088                _edata = .

.igot.plt       0x1ffff088        0x0 load address 0x000042a4
 .igot.plt      0x1ffff088        0x0 ./utilities/fsl_debug_console.o

.bss            0x1ffff088       0xec load address 0x000042a4
                0x1ffff088                _bss = .
 *(SORT_BY_ALIGNMENT(.bss*))
 .bss.s_debugConsole
                0x1ffff088       0x10 ./utilities/fsl_debug_console.o
 .bss.g_xtal0Freq
                0x1ffff098        0x4 ./drivers/fsl_clock.o
                0x1ffff098                g_xtal0Freq
 .bss.s_lpsciHandle
                0x1ffff09c        0x4 ./drivers/fsl_lpsci.o
 .bss.s_lpsciIsr
                0x1ffff0a0        0x4 ./drivers/fsl_lpsci.o
 .bss.s_uartHandle
                0x1ffff0a4        0xc ./drivers/fsl_uart.o
 .bss.s_uartIsr
                0x1ffff0b0        0x4 ./drivers/fsl_uart.o
 .bss.__Ciob    0x1ffff0b4       0xb4 c:/nxp/mcuxpressoide_10.3.0_2200/ide/plugins/com.nxp.mcuxpresso.tools.win32_10.3.0.201811011841/tools/bin/../lib/gcc/arm-none-eabi/7.3.1/../../../../arm-none-eabi/lib/thumb/v6-m\libcr_semihost_nf.a(__ciob.o)
                0x1ffff0b4                __Ciob
 .bss.__end_of_heap
                0x1ffff168        0x4 c:/nxp/mcuxpressoide_10.3.0_2200/ide/plugins/com.nxp.mcuxpresso.tools.win32_10.3.0.201811011841/tools/bin/../lib/gcc/arm-none-eabi/7.3.1/../../../../arm-none-eabi/lib/thumb/v6-m\libcr_c.a(__init_alloc.o)
                0x1ffff168                __end_of_heap
 .bss.__heaps   0x1ffff16c        0x4 c:/nxp/mcuxpressoide_10.3.0_2200/ide/plugins/com.nxp.mcuxpresso.tools.win32_10.3.0.201811011841/tools/bin/../lib/gcc/arm-none-eabi/7.3.1/../../../../arm-none-eabi/lib/thumb/v6-m\libcr_c.a(__init_alloc.o)
                0x1ffff16c                __heaps
 .bss.errno     0x1ffff170        0x4 c:/nxp/mcuxpressoide_10.3.0_2200/ide/plugins/com.nxp.mcuxpresso.tools.win32_10.3.0.201811011841/tools/bin/../lib/gcc/arm-none-eabi/7.3.1/../../../../arm-none-eabi/lib/thumb/v6-m\libcr_c.a(errno.o)
                0x1ffff170                errno
 *(SORT_BY_ALIGNMENT(COMMON))
                0x1ffff174                . = ALIGN (0x4)
                0x1ffff174                _ebss = .
                [!provide]                PROVIDE (end = .)

.noinit         0x1ffff174        0x0 load address 0x000042a4
                0x1ffff174                _noinit = .
 *(SORT_BY_ALIGNMENT(.noinit*))
                0x1ffff174                . = ALIGN (0x4)
                0x1ffff174                _end_noinit = .
                0x00000400                _HeapSize = 0x400

.heap           0x1ffff174      0x400 load address 0x000042a4
                0x1ffff174                _pvHeapStart = .
                0x1ffff574                . = (. + _HeapSize)
 *fill*         0x1ffff174      0x400 
                0x1ffff574                . = ALIGN (0x4)
                0x1ffff574                _pvHeapLimit = .
                0x00000400                _StackSize = 0x400

.heap2stackfill
                0x1ffff574      0x400 load address 0x000042a4
                0x1ffff974                . = (. + _StackSize)
 *fill*         0x1ffff574      0x400 

.stack          0x20002c00        0x0
                0x20002c00                _vStackBase = .
                0x20002c00                . = ALIGN (0x4)
                0x20003000                _vStackTop = (. + _StackSize)
                0x00000000                _image_start = LOADADDR (.text)
                0x000042a4                _image_end = (LOADADDR (.data) + SIZEOF (.data))
                0x000042a4                _image_size = (_image_end - _image_start)
OUTPUT(FotoResistencia project_driver_examples_adc16_polling.axf elf32-littlearm)

.debug_info     0x00000000     0x7fe6
 .debug_info    0x00000000      0x95c ./utilities/fsl_debug_console.o
 .debug_info    0x0000095c      0x497 ./startup/startup_mkl25z4.o
 .debug_info    0x00000df3      0x9fa ./source/adc16_polling.o
 .debug_info    0x000017ed       0x4e ./source/mtb.o
 .debug_info    0x0000183b       0x37 ./source/semihost_hardfault.o
 .debug_info    0x00001872      0xc16 ./drivers/fsl_adc16.o
 .debug_info    0x00002488     0x195e ./drivers/fsl_clock.o
 .debug_info    0x00003de6     0x1388 ./drivers/fsl_lpsci.o
 .debug_info    0x0000516e     0x1332 ./drivers/fsl_uart.o
 .debug_info    0x000064a0      0x791 ./board/board.o
 .debug_info    0x00006c31      0xa66 ./board/clock_config.o
 .debug_info    0x00007697      0x555 ./board/pin_mux.o
 .debug_info    0x00007bec      0x3fa ./CMSIS/system_MKL25Z4.o

.debug_abbrev   0x00000000     0x172d
 .debug_abbrev  0x00000000      0x1f0 ./utilities/fsl_debug_console.o
 .debug_abbrev  0x000001f0      0x16a ./startup/startup_mkl25z4.o
 .debug_abbrev  0x0000035a      0x1e7 ./source/adc16_polling.o
 .debug_abbrev  0x00000541       0x41 ./source/mtb.o
 .debug_abbrev  0x00000582       0x2c ./source/semihost_hardfault.o
 .debug_abbrev  0x000005ae      0x26b ./drivers/fsl_adc16.o
 .debug_abbrev  0x00000819      0x326 ./drivers/fsl_clock.o
 .debug_abbrev  0x00000b3f      0x2ca ./drivers/fsl_lpsci.o
 .debug_abbrev  0x00000e09      0x2e2 ./drivers/fsl_uart.o
 .debug_abbrev  0x000010eb      0x182 ./board/board.o
 .debug_abbrev  0x0000126d      0x1f1 ./board/clock_config.o
 .debug_abbrev  0x0000145e      0x196 ./board/pin_mux.o
 .debug_abbrev  0x000015f4      0x139 ./CMSIS/system_MKL25Z4.o

.debug_aranges  0x00000000      0x7a0
 .debug_aranges
                0x00000000       0x48 ./utilities/fsl_debug_console.o
 .debug_aranges
                0x00000048      0x160 ./startup/startup_mkl25z4.o
 .debug_aranges
                0x000001a8       0x48 ./source/adc16_polling.o
 .debug_aranges
                0x000001f0       0x18 ./source/mtb.o
 .debug_aranges
                0x00000208       0x20 ./source/semihost_hardfault.o
 .debug_aranges
                0x00000228       0x88 ./drivers/fsl_adc16.o
 .debug_aranges
                0x000002b0      0x1d8 ./drivers/fsl_clock.o
 .debug_aranges
                0x00000488      0x118 ./drivers/fsl_lpsci.o
 .debug_aranges
                0x000005a0      0x130 ./drivers/fsl_uart.o
 .debug_aranges
                0x000006d0       0x28 ./board/board.o
 .debug_aranges
                0x000006f8       0x50 ./board/clock_config.o
 .debug_aranges
                0x00000748       0x30 ./board/pin_mux.o
 .debug_aranges
                0x00000778       0x28 ./CMSIS/system_MKL25Z4.o

.debug_ranges   0x00000000      0x6c8
 .debug_ranges  0x00000000       0x38 ./utilities/fsl_debug_console.o
 .debug_ranges  0x00000038      0x150 ./startup/startup_mkl25z4.o
 .debug_ranges  0x00000188       0x38 ./source/adc16_polling.o
 .debug_ranges  0x000001c0       0x10 ./source/semihost_hardfault.o
 .debug_ranges  0x000001d0       0x78 ./drivers/fsl_adc16.o
 .debug_ranges  0x00000248      0x1c8 ./drivers/fsl_clock.o
 .debug_ranges  0x00000410      0x108 ./drivers/fsl_lpsci.o
 .debug_ranges  0x00000518      0x120 ./drivers/fsl_uart.o
 .debug_ranges  0x00000638       0x18 ./board/board.o
 .debug_ranges  0x00000650       0x40 ./board/clock_config.o
 .debug_ranges  0x00000690       0x20 ./board/pin_mux.o
 .debug_ranges  0x000006b0       0x18 ./CMSIS/system_MKL25Z4.o

.debug_line     0x00000000     0x28e7
 .debug_line    0x00000000      0x27b ./utilities/fsl_debug_console.o
 .debug_line    0x0000027b      0x128 ./startup/startup_mkl25z4.o
 .debug_line    0x000003a3      0x298 ./source/adc16_polling.o
 .debug_line    0x0000063b       0x30 ./source/mtb.o
 .debug_line    0x0000066b       0x54 ./source/semihost_hardfault.o
 .debug_line    0x000006bf      0x35e ./drivers/fsl_adc16.o
 .debug_line    0x00000a1d      0x938 ./drivers/fsl_clock.o
 .debug_line    0x00001355      0x6eb ./drivers/fsl_lpsci.o
 .debug_line    0x00001a40      0x6ee ./drivers/fsl_uart.o
 .debug_line    0x0000212e      0x1c6 ./board/board.o
 .debug_line    0x000022f4      0x255 ./board/clock_config.o
 .debug_line    0x00002549      0x1d5 ./board/pin_mux.o
 .debug_line    0x0000271e      0x1c9 ./CMSIS/system_MKL25Z4.o

.debug_str      0x00000000     0x41be
 .debug_str     0x00000000      0xb17 ./utilities/fsl_debug_console.o
                                0xb88 (size before relaxing)
 .debug_str     0x00000b17      0x394 ./startup/startup_mkl25z4.o
                                0x4e7 (size before relaxing)
 .debug_str     0x00000eab      0x981 ./source/adc16_polling.o
                                0xd33 (size before relaxing)
 .debug_str     0x0000182c       0x1f ./source/mtb.o
                                0x171 (size before relaxing)
 .debug_str     0x0000184b       0x1f ./source/semihost_hardfault.o
                                0x171 (size before relaxing)
 .debug_str     0x0000186a      0x571 ./drivers/fsl_adc16.o
                               0x1270 (size before relaxing)
 .debug_str     0x00001ddb      0xc36 ./drivers/fsl_clock.o
                               0x1812 (size before relaxing)
 .debug_str     0x00002a11      0xb8a ./drivers/fsl_lpsci.o
                               0x15da (size before relaxing)
 .debug_str     0x0000359b      0x819 ./drivers/fsl_uart.o
                               0x15e6 (size before relaxing)
 .debug_str     0x00003db4       0x4c ./board/board.o
                                0x765 (size before relaxing)
 .debug_str     0x00003e00      0x222 ./board/clock_config.o
                                0xde4 (size before relaxing)
 .debug_str     0x00004022      0x155 ./board/pin_mux.o
                                0x5ef (size before relaxing)
 .debug_str     0x00004177       0x47 ./CMSIS/system_MKL25Z4.o
                                0x353 (size before relaxing)

.comment        0x00000000       0x7f
 .comment       0x00000000       0x7f ./utilities/fsl_debug_console.o
                                 0x80 (size before relaxing)
 .comment       0x0000007f       0x80 ./startup/startup_mkl25z4.o
 .comment       0x0000007f       0x80 ./source/adc16_polling.o
 .comment       0x0000007f       0x80 ./source/mtb.o
 .comment       0x0000007f       0x80 ./source/semihost_hardfault.o
 .comment       0x0000007f       0x80 ./drivers/fsl_adc16.o
 .comment       0x0000007f       0x80 ./drivers/fsl_clock.o
 .comment       0x0000007f       0x80 ./drivers/fsl_lpsci.o
 .comment       0x0000007f       0x80 ./drivers/fsl_uart.o
 .comment       0x0000007f       0x80 ./board/board.o
 .comment       0x0000007f       0x80 ./board/clock_config.o
 .comment       0x0000007f       0x80 ./board/pin_mux.o
 .comment       0x0000007f       0x80 ./CMSIS/system_MKL25Z4.o
 .comment       0x0000007f       0x80 c:/nxp/mcuxpressoide_10.3.0_2200/ide/plugins/com.nxp.mcuxpresso.tools.win32_10.3.0.201811011841/tools/bin/../lib/gcc/arm-none-eabi/7.3.1/../../../../arm-none-eabi/lib/thumb/v6-m\libcr_semihost_nf.a(_cr__main.o)
 .comment       0x0000007f       0x80 c:/nxp/mcuxpressoide_10.3.0_2200/ide/plugins/com.nxp.mcuxpresso.tools.win32_10.3.0.201811011841/tools/bin/../lib/gcc/arm-none-eabi/7.3.1/../../../../arm-none-eabi/lib/thumb/v6-m\libcr_semihost_nf.a(_cr_assert.o)
 .comment       0x0000007f       0x80 c:/nxp/mcuxpressoide_10.3.0_2200/ide/plugins/com.nxp.mcuxpresso.tools.win32_10.3.0.201811011841/tools/bin/../lib/gcc/arm-none-eabi/7.3.1/../../../../arm-none-eabi/lib/thumb/v6-m\libcr_semihost_nf.a(__ciob.o)
 .comment       0x0000007f       0x80 c:/nxp/mcuxpressoide_10.3.0_2200/ide/plugins/com.nxp.mcuxpresso.tools.win32_10.3.0.201811011841/tools/bin/../lib/gcc/arm-none-eabi/7.3.1/../../../../arm-none-eabi/lib/thumb/v6-m\libcr_c.a(memset.o)
 .comment       0x0000007f       0x80 c:/nxp/mcuxpressoide_10.3.0_2200/ide/plugins/com.nxp.mcuxpresso.tools.win32_10.3.0.201811011841/tools/bin/../lib/gcc/arm-none-eabi/7.3.1/../../../../arm-none-eabi/lib/thumb/v6-m\libcr_c.a(_deferredlazyseek.o)
 .comment       0x0000007f       0x80 c:/nxp/mcuxpressoide_10.3.0_2200/ide/plugins/com.nxp.mcuxpresso.tools.win32_10.3.0.201811011841/tools/bin/../lib/gcc/arm-none-eabi/7.3.1/../../../../arm-none-eabi/lib/thumb/v6-m\libcr_c.a(_fflush.o)
 .comment       0x0000007f       0x80 c:/nxp/mcuxpressoide_10.3.0_2200/ide/plugins/com.nxp.mcuxpresso.tools.win32_10.3.0.201811011841/tools/bin/../lib/gcc/arm-none-eabi/7.3.1/../../../../arm-none-eabi/lib/thumb/v6-m\libcr_c.a(_writebuf.o)
 .comment       0x0000007f       0x80 c:/nxp/mcuxpressoide_10.3.0_2200/ide/plugins/com.nxp.mcuxpresso.tools.win32_10.3.0.201811011841/tools/bin/../lib/gcc/arm-none-eabi/7.3.1/../../../../arm-none-eabi/lib/thumb/v6-m\libcr_c.a(alloc.o)
 .comment       0x0000007f       0x80 c:/nxp/mcuxpressoide_10.3.0_2200/ide/plugins/com.nxp.mcuxpresso.tools.win32_10.3.0.201811011841/tools/bin/../lib/gcc/arm-none-eabi/7.3.1/../../../../arm-none-eabi/lib/thumb/v6-m\libcr_c.a(fputs.o)
 .comment       0x0000007f       0x80 c:/nxp/mcuxpressoide_10.3.0_2200/ide/plugins/com.nxp.mcuxpresso.tools.win32_10.3.0.201811011841/tools/bin/../lib/gcc/arm-none-eabi/7.3.1/../../../../arm-none-eabi/lib/thumb/v6-m\libcr_c.a(fseek.o)
 .comment       0x0000007f       0x80 c:/nxp/mcuxpressoide_10.3.0_2200/ide/plugins/com.nxp.mcuxpresso.tools.win32_10.3.0.201811011841/tools/bin/../lib/gcc/arm-none-eabi/7.3.1/../../../../arm-none-eabi/lib/thumb/v6-m\libcr_c.a(ftell.o)
 .comment       0x0000007f       0x80 c:/nxp/mcuxpressoide_10.3.0_2200/ide/plugins/com.nxp.mcuxpresso.tools.win32_10.3.0.201811011841/tools/bin/../lib/gcc/arm-none-eabi/7.3.1/../../../../arm-none-eabi/lib/thumb/v6-m\libcr_c.a(initio.o)
 .comment       0x0000007f       0x80 c:/nxp/mcuxpressoide_10.3.0_2200/ide/plugins/com.nxp.mcuxpresso.tools.win32_10.3.0.201811011841/tools/bin/../lib/gcc/arm-none-eabi/7.3.1/../../../../arm-none-eabi/lib/thumb/v6-m\libcr_c.a(printf.o)
 .comment       0x0000007f       0x80 c:/nxp/mcuxpressoide_10.3.0_2200/ide/plugins/com.nxp.mcuxpresso.tools.win32_10.3.0.201811011841/tools/bin/../lib/gcc/arm-none-eabi/7.3.1/../../../../arm-none-eabi/lib/thumb/v6-m\libcr_c.a(setvbuf.o)
 .comment       0x0000007f       0x80 c:/nxp/mcuxpressoide_10.3.0_2200/ide/plugins/com.nxp.mcuxpresso.tools.win32_10.3.0.201811011841/tools/bin/../lib/gcc/arm-none-eabi/7.3.1/../../../../arm-none-eabi/lib/thumb/v6-m\libcr_c.a(strlen.o)
 .comment       0x0000007f       0x80 c:/nxp/mcuxpressoide_10.3.0_2200/ide/plugins/com.nxp.mcuxpresso.tools.win32_10.3.0.201811011841/tools/bin/../lib/gcc/arm-none-eabi/7.3.1/../../../../arm-none-eabi/lib/thumb/v6-m\libcr_c.a(__init_alloc.o)
 .comment       0x0000007f       0x80 c:/nxp/mcuxpressoide_10.3.0_2200/ide/plugins/com.nxp.mcuxpresso.tools.win32_10.3.0.201811011841/tools/bin/../lib/gcc/arm-none-eabi/7.3.1/../../../../arm-none-eabi/lib/thumb/v6-m\libcr_c.a(_cr_sbrk.o)
 .comment       0x0000007f       0x80 c:/nxp/mcuxpressoide_10.3.0_2200/ide/plugins/com.nxp.mcuxpresso.tools.win32_10.3.0.201811011841/tools/bin/../lib/gcc/arm-none-eabi/7.3.1/../../../../arm-none-eabi/lib/thumb/v6-m\libcr_c.a(_fdopen.o)
 .comment       0x0000007f       0x80 c:/nxp/mcuxpressoide_10.3.0_2200/ide/plugins/com.nxp.mcuxpresso.tools.win32_10.3.0.201811011841/tools/bin/../lib/gcc/arm-none-eabi/7.3.1/../../../../arm-none-eabi/lib/thumb/v6-m\libcr_c.a(errno.o)
 .comment       0x0000007f       0x80 c:/nxp/mcuxpressoide_10.3.0_2200/ide/plugins/com.nxp.mcuxpresso.tools.win32_10.3.0.201811011841/tools/bin/../lib/gcc/arm-none-eabi/7.3.1/../../../../arm-none-eabi/lib/thumb/v6-m\libcr_c.a(fclose.o)
 .comment       0x0000007f       0x80 c:/nxp/mcuxpressoide_10.3.0_2200/ide/plugins/com.nxp.mcuxpresso.tools.win32_10.3.0.201811011841/tools/bin/../lib/gcc/arm-none-eabi/7.3.1/../../../../arm-none-eabi/lib/thumb/v6-m\libcr_c.a(fflush.o)
 .comment       0x0000007f       0x80 c:/nxp/mcuxpressoide_10.3.0_2200/ide/plugins/com.nxp.mcuxpresso.tools.win32_10.3.0.201811011841/tools/bin/../lib/gcc/arm-none-eabi/7.3.1/../../../../arm-none-eabi/lib/thumb/v6-m\libcr_c.a(remove.o)
 .comment       0x0000007f       0x80 c:/nxp/mcuxpressoide_10.3.0_2200/ide/plugins/com.nxp.mcuxpresso.tools.win32_10.3.0.201811011841/tools/bin/../lib/gcc/arm-none-eabi/7.3.1/../../../../arm-none-eabi/lib/thumb/v6-m\libcr_c.a(_cr_check_heap.o)
 .comment       0x0000007f       0x80 c:/nxp/mcuxpressoide_10.3.0_2200/ide/plugins/com.nxp.mcuxpresso.tools.win32_10.3.0.201811011841/tools/bin/../lib/gcc/arm-none-eabi/7.3.1/../../../../arm-none-eabi/lib/thumb/v6-m\libcr_c.a(_do_fflush.o)

.ARM.attributes
                0x00000000       0x30
 .ARM.attributes
                0x00000000       0x32 ./utilities/fsl_debug_console.o
 .ARM.attributes
                0x00000032       0x32 ./startup/startup_mkl25z4.o
 .ARM.attributes
                0x00000064       0x32 ./source/adc16_polling.o
 .ARM.attributes
                0x00000096       0x32 ./source/mtb.o
 .ARM.attributes
                0x000000c8       0x32 ./source/semihost_hardfault.o
 .ARM.attributes
                0x000000fa       0x32 ./drivers/fsl_adc16.o
 .ARM.attributes
                0x0000012c       0x32 ./drivers/fsl_clock.o
 .ARM.attributes
                0x0000015e       0x32 ./drivers/fsl_lpsci.o
 .ARM.attributes
                0x00000190       0x32 ./drivers/fsl_uart.o
 .ARM.attributes
                0x000001c2       0x32 ./board/board.o
 .ARM.attributes
                0x000001f4       0x32 ./board/clock_config.o
 .ARM.attributes
                0x00000226       0x32 ./board/pin_mux.o
 .ARM.attributes
                0x00000258       0x32 ./CMSIS/system_MKL25Z4.o
 .ARM.attributes
                0x0000028a       0x31 c:/nxp/mcuxpressoide_10.3.0_2200/ide/plugins/com.nxp.mcuxpresso.tools.win32_10.3.0.201811011841/tools/bin/../lib/gcc/arm-none-eabi/7.3.1/../../../../arm-none-eabi/lib/thumb/v6-m\libcr_semihost_nf.a(_cr__main.o)
 .ARM.attributes
                0x000002bb       0x31 c:/nxp/mcuxpressoide_10.3.0_2200/ide/plugins/com.nxp.mcuxpresso.tools.win32_10.3.0.201811011841/tools/bin/../lib/gcc/arm-none-eabi/7.3.1/../../../../arm-none-eabi/lib/thumb/v6-m\libcr_semihost_nf.a(_cr_assert.o)
 .ARM.attributes
                0x000002ec       0x31 c:/nxp/mcuxpressoide_10.3.0_2200/ide/plugins/com.nxp.mcuxpresso.tools.win32_10.3.0.201811011841/tools/bin/../lib/gcc/arm-none-eabi/7.3.1/../../../../arm-none-eabi/lib/thumb/v6-m\libcr_semihost_nf.a(__ciob.o)
 .ARM.attributes
                0x0000031d       0x21 c:/nxp/mcuxpressoide_10.3.0_2200/ide/plugins/com.nxp.mcuxpresso.tools.win32_10.3.0.201811011841/tools/bin/../lib/gcc/arm-none-eabi/7.3.1/../../../../arm-none-eabi/lib/thumb/v6-m\libcr_semihost_nf.a(__sys_appexit.o)
 .ARM.attributes
                0x0000033e       0x31 c:/nxp/mcuxpressoide_10.3.0_2200/ide/plugins/com.nxp.mcuxpresso.tools.win32_10.3.0.201811011841/tools/bin/../lib/gcc/arm-none-eabi/7.3.1/../../../../arm-none-eabi/lib/thumb/v6-m\libcr_c.a(memset.o)
 .ARM.attributes
                0x0000036f       0x31 c:/nxp/mcuxpressoide_10.3.0_2200/ide/plugins/com.nxp.mcuxpresso.tools.win32_10.3.0.201811011841/tools/bin/../lib/gcc/arm-none-eabi/7.3.1/../../../../arm-none-eabi/lib/thumb/v6-m\libcr_c.a(_deferredlazyseek.o)
 .ARM.attributes
                0x000003a0       0x31 c:/nxp/mcuxpressoide_10.3.0_2200/ide/plugins/com.nxp.mcuxpresso.tools.win32_10.3.0.201811011841/tools/bin/../lib/gcc/arm-none-eabi/7.3.1/../../../../arm-none-eabi/lib/thumb/v6-m\libcr_c.a(_fflush.o)
 .ARM.attributes
                0x000003d1       0x31 c:/nxp/mcuxpressoide_10.3.0_2200/ide/plugins/com.nxp.mcuxpresso.tools.win32_10.3.0.201811011841/tools/bin/../lib/gcc/arm-none-eabi/7.3.1/../../../../arm-none-eabi/lib/thumb/v6-m\libcr_c.a(_writebuf.o)
 .ARM.attributes
                0x00000402       0x31 c:/nxp/mcuxpressoide_10.3.0_2200/ide/plugins/com.nxp.mcuxpresso.tools.win32_10.3.0.201811011841/tools/bin/../lib/gcc/arm-none-eabi/7.3.1/../../../../arm-none-eabi/lib/thumb/v6-m\libcr_c.a(alloc.o)
 .ARM.attributes
                0x00000433       0x31 c:/nxp/mcuxpressoide_10.3.0_2200/ide/plugins/com.nxp.mcuxpresso.tools.win32_10.3.0.201811011841/tools/bin/../lib/gcc/arm-none-eabi/7.3.1/../../../../arm-none-eabi/lib/thumb/v6-m\libcr_c.a(fputs.o)
 .ARM.attributes
                0x00000464       0x31 c:/nxp/mcuxpressoide_10.3.0_2200/ide/plugins/com.nxp.mcuxpresso.tools.win32_10.3.0.201811011841/tools/bin/../lib/gcc/arm-none-eabi/7.3.1/../../../../arm-none-eabi/lib/thumb/v6-m\libcr_c.a(fseek.o)
 .ARM.attributes
                0x00000495       0x31 c:/nxp/mcuxpressoide_10.3.0_2200/ide/plugins/com.nxp.mcuxpresso.tools.win32_10.3.0.201811011841/tools/bin/../lib/gcc/arm-none-eabi/7.3.1/../../../../arm-none-eabi/lib/thumb/v6-m\libcr_c.a(ftell.o)
 .ARM.attributes
                0x000004c6       0x31 c:/nxp/mcuxpressoide_10.3.0_2200/ide/plugins/com.nxp.mcuxpresso.tools.win32_10.3.0.201811011841/tools/bin/../lib/gcc/arm-none-eabi/7.3.1/../../../../arm-none-eabi/lib/thumb/v6-m\libcr_c.a(initio.o)
 .ARM.attributes
                0x000004f7       0x31 c:/nxp/mcuxpressoide_10.3.0_2200/ide/plugins/com.nxp.mcuxpresso.tools.win32_10.3.0.201811011841/tools/bin/../lib/gcc/arm-none-eabi/7.3.1/../../../../arm-none-eabi/lib/thumb/v6-m\libcr_c.a(printf.o)
 .ARM.attributes
                0x00000528       0x31 c:/nxp/mcuxpressoide_10.3.0_2200/ide/plugins/com.nxp.mcuxpresso.tools.win32_10.3.0.201811011841/tools/bin/../lib/gcc/arm-none-eabi/7.3.1/../../../../arm-none-eabi/lib/thumb/v6-m\libcr_c.a(setvbuf.o)
 .ARM.attributes
                0x00000559       0x31 c:/nxp/mcuxpressoide_10.3.0_2200/ide/plugins/com.nxp.mcuxpresso.tools.win32_10.3.0.201811011841/tools/bin/../lib/gcc/arm-none-eabi/7.3.1/../../../../arm-none-eabi/lib/thumb/v6-m\libcr_c.a(strlen.o)
 .ARM.attributes
                0x0000058a       0x31 c:/nxp/mcuxpressoide_10.3.0_2200/ide/plugins/com.nxp.mcuxpresso.tools.win32_10.3.0.201811011841/tools/bin/../lib/gcc/arm-none-eabi/7.3.1/../../../../arm-none-eabi/lib/thumb/v6-m\libcr_c.a(__init_alloc.o)
 .ARM.attributes
                0x000005bb       0x31 c:/nxp/mcuxpressoide_10.3.0_2200/ide/plugins/com.nxp.mcuxpresso.tools.win32_10.3.0.201811011841/tools/bin/../lib/gcc/arm-none-eabi/7.3.1/../../../../arm-none-eabi/lib/thumb/v6-m\libcr_c.a(_cr_sbrk.o)
 .ARM.attributes
                0x000005ec       0x31 c:/nxp/mcuxpressoide_10.3.0_2200/ide/plugins/com.nxp.mcuxpresso.tools.win32_10.3.0.201811011841/tools/bin/../lib/gcc/arm-none-eabi/7.3.1/../../../../arm-none-eabi/lib/thumb/v6-m\libcr_c.a(_fdopen.o)
 .ARM.attributes
                0x0000061d       0x31 c:/nxp/mcuxpressoide_10.3.0_2200/ide/plugins/com.nxp.mcuxpresso.tools.win32_10.3.0.201811011841/tools/bin/../lib/gcc/arm-none-eabi/7.3.1/../../../../arm-none-eabi/lib/thumb/v6-m\libcr_c.a(errno.o)
 .ARM.attributes
                0x0000064e       0x31 c:/nxp/mcuxpressoide_10.3.0_2200/ide/plugins/com.nxp.mcuxpresso.tools.win32_10.3.0.201811011841/tools/bin/../lib/gcc/arm-none-eabi/7.3.1/../../../../arm-none-eabi/lib/thumb/v6-m\libcr_c.a(fclose.o)
 .ARM.attributes
                0x0000067f       0x31 c:/nxp/mcuxpressoide_10.3.0_2200/ide/plugins/com.nxp.mcuxpresso.tools.win32_10.3.0.201811011841/tools/bin/../lib/gcc/arm-none-eabi/7.3.1/../../../../arm-none-eabi/lib/thumb/v6-m\libcr_c.a(fflush.o)
 .ARM.attributes
                0x000006b0       0x31 c:/nxp/mcuxpressoide_10.3.0_2200/ide/plugins/com.nxp.mcuxpresso.tools.win32_10.3.0.201811011841/tools/bin/../lib/gcc/arm-none-eabi/7.3.1/../../../../arm-none-eabi/lib/thumb/v6-m\libcr_c.a(remove.o)
 .ARM.attributes
                0x000006e1       0x31 c:/nxp/mcuxpressoide_10.3.0_2200/ide/plugins/com.nxp.mcuxpresso.tools.win32_10.3.0.201811011841/tools/bin/../lib/gcc/arm-none-eabi/7.3.1/../../../../arm-none-eabi/lib/thumb/v6-m\libcr_c.a(_cr_check_heap.o)
 .ARM.attributes
                0x00000712       0x31 c:/nxp/mcuxpressoide_10.3.0_2200/ide/plugins/com.nxp.mcuxpresso.tools.win32_10.3.0.201811011841/tools/bin/../lib/gcc/arm-none-eabi/7.3.1/../../../../arm-none-eabi/lib/thumb/v6-m\libcr_c.a(_do_fflush.o)
 .ARM.attributes
                0x00000743       0x21 c:/nxp/mcuxpressoide_10.3.0_2200/ide/plugins/com.nxp.mcuxpresso.tools.win32_10.3.0.201811011841/tools/bin/../lib/gcc/arm-none-eabi/7.3.1/thumb/v6-m\libcr_eabihelpers.a(division_32.o)
 .ARM.attributes
                0x00000764       0x21 c:/nxp/mcuxpressoide_10.3.0_2200/ide/plugins/com.nxp.mcuxpresso.tools.win32_10.3.0.201811011841/tools/bin/../lib/gcc/arm-none-eabi/7.3.1/thumb/v6-m\libcr_eabihelpers.a(division_idiv0.o)
 .ARM.attributes
                0x00000785       0x21 c:/nxp/mcuxpressoide_10.3.0_2200/ide/plugins/com.nxp.mcuxpresso.tools.win32_10.3.0.201811011841/tools/bin/../lib/gcc/arm-none-eabi/7.3.1/thumb/v6-m\libcr_eabihelpers.a(llong.o)
 .ARM.attributes
                0x000007a6       0x21 c:/nxp/mcuxpressoide_10.3.0_2200/ide/plugins/com.nxp.mcuxpresso.tools.win32_10.3.0.201811011841/tools/bin/../lib/gcc/arm-none-eabi/7.3.1/thumb/v6-m\libcr_eabihelpers.a(memcpy.o)
 .ARM.attributes
                0x000007c7       0x21 c:/nxp/mcuxpressoide_10.3.0_2200/ide/plugins/com.nxp.mcuxpresso.tools.win32_10.3.0.201811011841/tools/bin/../lib/gcc/arm-none-eabi/7.3.1/../../../../arm-none-eabi/lib/thumb/v6-m\libcr_semihost_nf.a(__sys_close.o)
 .ARM.attributes
                0x000007e8       0x21 c:/nxp/mcuxpressoide_10.3.0_2200/ide/plugins/com.nxp.mcuxpresso.tools.win32_10.3.0.201811011841/tools/bin/../lib/gcc/arm-none-eabi/7.3.1/../../../../arm-none-eabi/lib/thumb/v6-m\libcr_semihost_nf.a(__sys_flen.o)
 .ARM.attributes
                0x00000809       0x21 c:/nxp/mcuxpressoide_10.3.0_2200/ide/plugins/com.nxp.mcuxpresso.tools.win32_10.3.0.201811011841/tools/bin/../lib/gcc/arm-none-eabi/7.3.1/../../../../arm-none-eabi/lib/thumb/v6-m\libcr_semihost_nf.a(__sys_istty.o)
 .ARM.attributes
                0x0000082a       0x21 c:/nxp/mcuxpressoide_10.3.0_2200/ide/plugins/com.nxp.mcuxpresso.tools.win32_10.3.0.201811011841/tools/bin/../lib/gcc/arm-none-eabi/7.3.1/../../../../arm-none-eabi/lib/thumb/v6-m\libcr_semihost_nf.a(__sys_remove.o)
 .ARM.attributes
                0x0000084b       0x21 c:/nxp/mcuxpressoide_10.3.0_2200/ide/plugins/com.nxp.mcuxpresso.tools.win32_10.3.0.201811011841/tools/bin/../lib/gcc/arm-none-eabi/7.3.1/../../../../arm-none-eabi/lib/thumb/v6-m\libcr_semihost_nf.a(__sys_seek.o)
 .ARM.attributes
                0x0000086c       0x21 c:/nxp/mcuxpressoide_10.3.0_2200/ide/plugins/com.nxp.mcuxpresso.tools.win32_10.3.0.201811011841/tools/bin/../lib/gcc/arm-none-eabi/7.3.1/../../../../arm-none-eabi/lib/thumb/v6-m\libcr_semihost_nf.a(__sys_tmpnam.o)
 .ARM.attributes
                0x0000088d       0x21 c:/nxp/mcuxpressoide_10.3.0_2200/ide/plugins/com.nxp.mcuxpresso.tools.win32_10.3.0.201811011841/tools/bin/../lib/gcc/arm-none-eabi/7.3.1/../../../../arm-none-eabi/lib/thumb/v6-m\libcr_semihost_nf.a(__sys_write.o)

.debug_frame    0x00000000     0x1884
 .debug_frame   0x00000000       0xcc ./utilities/fsl_debug_console.o
 .debug_frame   0x000000cc      0x3b0 ./startup/startup_mkl25z4.o
 .debug_frame   0x0000047c       0xcc ./source/adc16_polling.o
 .debug_frame   0x00000548       0x20 ./source/semihost_hardfault.o
 .debug_frame   0x00000568      0x1d0 ./drivers/fsl_adc16.o
 .debug_frame   0x00000738      0x6e0 ./drivers/fsl_clock.o
 .debug_frame   0x00000e18      0x418 ./drivers/fsl_lpsci.o
 .debug_frame   0x00001230      0x468 ./drivers/fsl_uart.o
 .debug_frame   0x00001698       0x50 ./board/board.o
 .debug_frame   0x000016e8       0xe4 ./board/clock_config.o
 .debug_frame   0x000017cc       0x6c ./board/pin_mux.o
 .debug_frame   0x00001838       0x4c ./CMSIS/system_MKL25Z4.o
