Archive member included to satisfy reference by file (symbol)

c:/nxp/mcuxpressoide_10.3.0_2200/ide/plugins/com.nxp.mcuxpresso.tools.win32_10.3.0.201811011841/tools/bin/../lib/gcc/arm-none-eabi/7.3.1/../../../../arm-none-eabi/lib/thumb/v6-m\libcr_semihost_nf.a(_cr__main.o)
                              ./startup/startup_mkl25z4.o (__main)
c:/nxp/mcuxpressoide_10.3.0_2200/ide/plugins/com.nxp.mcuxpresso.tools.win32_10.3.0.201811011841/tools/bin/../lib/gcc/arm-none-eabi/7.3.1/../../../../arm-none-eabi/lib/thumb/v6-m\libcr_semihost_nf.a(_cr_assert.o)
                              ./source/LED_Manager.o (__assertion_failed)
c:/nxp/mcuxpressoide_10.3.0_2200/ide/plugins/com.nxp.mcuxpresso.tools.win32_10.3.0.201811011841/tools/bin/../lib/gcc/arm-none-eabi/7.3.1/../../../../arm-none-eabi/lib/thumb/v6-m\libcr_semihost_nf.a(__ciob.o)
                              c:/nxp/mcuxpressoide_10.3.0_2200/ide/plugins/com.nxp.mcuxpresso.tools.win32_10.3.0.201811011841/tools/bin/../lib/gcc/arm-none-eabi/7.3.1/../../../../arm-none-eabi/lib/thumb/v6-m\libcr_semihost_nf.a(_cr_assert.o) (__Ciob)
c:/nxp/mcuxpressoide_10.3.0_2200/ide/plugins/com.nxp.mcuxpresso.tools.win32_10.3.0.201811011841/tools/bin/../lib/gcc/arm-none-eabi/7.3.1/../../../../arm-none-eabi/lib/thumb/v6-m\libcr_semihost_nf.a(__sys_appexit.o)
                              c:/nxp/mcuxpressoide_10.3.0_2200/ide/plugins/com.nxp.mcuxpresso.tools.win32_10.3.0.201811011841/tools/bin/../lib/gcc/arm-none-eabi/7.3.1/../../../../arm-none-eabi/lib/thumb/v6-m\libcr_semihost_nf.a(_cr_assert.o) (__sys_appexit)
c:/nxp/mcuxpressoide_10.3.0_2200/ide/plugins/com.nxp.mcuxpresso.tools.win32_10.3.0.201811011841/tools/bin/../lib/gcc/arm-none-eabi/7.3.1/../../../../arm-none-eabi/lib/thumb/v6-m\libcr_c.a(memcpy.o)
                              ./drivers/fsl_flash.o (memcpy)
c:/nxp/mcuxpressoide_10.3.0_2200/ide/plugins/com.nxp.mcuxpresso.tools.win32_10.3.0.201811011841/tools/bin/../lib/gcc/arm-none-eabi/7.3.1/../../../../arm-none-eabi/lib/thumb/v6-m\libcr_c.a(memset.o)
                              ./drivers/fsl_flash.o (memset)
c:/nxp/mcuxpressoide_10.3.0_2200/ide/plugins/com.nxp.mcuxpresso.tools.win32_10.3.0.201811011841/tools/bin/../lib/gcc/arm-none-eabi/7.3.1/../../../../arm-none-eabi/lib/thumb/v6-m\libcr_c.a(_deferredlazyseek.o)
                              c:/nxp/mcuxpressoide_10.3.0_2200/ide/plugins/com.nxp.mcuxpresso.tools.win32_10.3.0.201811011841/tools/bin/../lib/gcc/arm-none-eabi/7.3.1/../../../../arm-none-eabi/lib/thumb/v6-m\libcr_semihost_nf.a(_cr_assert.o) (__flsbuf)
c:/nxp/mcuxpressoide_10.3.0_2200/ide/plugins/com.nxp.mcuxpresso.tools.win32_10.3.0.201811011841/tools/bin/../lib/gcc/arm-none-eabi/7.3.1/../../../../arm-none-eabi/lib/thumb/v6-m\libcr_c.a(_fflush.o)
                              c:/nxp/mcuxpressoide_10.3.0_2200/ide/plugins/com.nxp.mcuxpresso.tools.win32_10.3.0.201811011841/tools/bin/../lib/gcc/arm-none-eabi/7.3.1/../../../../arm-none-eabi/lib/thumb/v6-m\libcr_c.a(_deferredlazyseek.o) (_fflush)
c:/nxp/mcuxpressoide_10.3.0_2200/ide/plugins/com.nxp.mcuxpresso.tools.win32_10.3.0.201811011841/tools/bin/../lib/gcc/arm-none-eabi/7.3.1/../../../../arm-none-eabi/lib/thumb/v6-m\libcr_c.a(_writebuf.o)
                              c:/nxp/mcuxpressoide_10.3.0_2200/ide/plugins/com.nxp.mcuxpresso.tools.win32_10.3.0.201811011841/tools/bin/../lib/gcc/arm-none-eabi/7.3.1/../../../../arm-none-eabi/lib/thumb/v6-m\libcr_c.a(_deferredlazyseek.o) (_Cwritebuf)
c:/nxp/mcuxpressoide_10.3.0_2200/ide/plugins/com.nxp.mcuxpresso.tools.win32_10.3.0.201811011841/tools/bin/../lib/gcc/arm-none-eabi/7.3.1/../../../../arm-none-eabi/lib/thumb/v6-m\libcr_c.a(alloc.o)
                              c:/nxp/mcuxpressoide_10.3.0_2200/ide/plugins/com.nxp.mcuxpresso.tools.win32_10.3.0.201811011841/tools/bin/../lib/gcc/arm-none-eabi/7.3.1/../../../../arm-none-eabi/lib/thumb/v6-m\libcr_c.a(_deferredlazyseek.o) (_Csys_alloc)
c:/nxp/mcuxpressoide_10.3.0_2200/ide/plugins/com.nxp.mcuxpresso.tools.win32_10.3.0.201811011841/tools/bin/../lib/gcc/arm-none-eabi/7.3.1/../../../../arm-none-eabi/lib/thumb/v6-m\libcr_c.a(fputs.o)
                              c:/nxp/mcuxpressoide_10.3.0_2200/ide/plugins/com.nxp.mcuxpresso.tools.win32_10.3.0.201811011841/tools/bin/../lib/gcc/arm-none-eabi/7.3.1/../../../../arm-none-eabi/lib/thumb/v6-m\libcr_semihost_nf.a(_cr_assert.o) (fputs)
c:/nxp/mcuxpressoide_10.3.0_2200/ide/plugins/com.nxp.mcuxpresso.tools.win32_10.3.0.201811011841/tools/bin/../lib/gcc/arm-none-eabi/7.3.1/../../../../arm-none-eabi/lib/thumb/v6-m\libcr_c.a(fseek.o)
                              c:/nxp/mcuxpressoide_10.3.0_2200/ide/plugins/com.nxp.mcuxpresso.tools.win32_10.3.0.201811011841/tools/bin/../lib/gcc/arm-none-eabi/7.3.1/../../../../arm-none-eabi/lib/thumb/v6-m\libcr_c.a(_deferredlazyseek.o) (fseek)
c:/nxp/mcuxpressoide_10.3.0_2200/ide/plugins/com.nxp.mcuxpresso.tools.win32_10.3.0.201811011841/tools/bin/../lib/gcc/arm-none-eabi/7.3.1/../../../../arm-none-eabi/lib/thumb/v6-m\libcr_c.a(ftell.o)
[...]
Memory Configuration

Name             Origin             Length             Attributes
PROGRAM_FLASH    0x00000000         0x00020000         xr
SRAM             0x1ffff000         0x00004000         xrw
*default*        0x00000000         0xffffffff

Linker script and memory map

LOAD ./utilities/fsl_debug_console.o
LOAD ./startup/startup_mkl25z4.o
LOAD ./source/LED_Manager.o
LOAD ./source/adc16_polling.o
LOAD ./source/mtb.o
LOAD ./source/semihost_hardfault.o
LOAD ./drivers/fsl_adc16.o
LOAD ./drivers/fsl_clock.o
LOAD ./drivers/fsl_common.o
LOAD ./drivers/fsl_flash.o
LOAD ./drivers/fsl_gpio.o
LOAD ./drivers/fsl_lpsci.o
LOAD ./drivers/fsl_smc.o
LOAD ./drivers/fsl_uart.o
LOAD ./board/board.o
LOAD ./board/clock_config.o
LOAD ./board/pin_mux.o
LOAD ./CMSIS/system_MKL25Z4.o
START GROUP
LOAD c:/nxp/mcuxpressoide_10.3.0_2200/ide/plugins/com.nxp.mcuxpresso.tools.win32_10.3.0.201811011841/tools/bin/../lib/gcc/arm-none-eabi/7.3.1/../../../../arm-none-eabi/lib/thumb/v6-m\libcr_semihost_nf.a
LOAD c:/nxp/mcuxpressoide_10.3.0_2200/ide/plugins/com.nxp.mcuxpresso.tools.win32_10.3.0.201811011841/tools/bin/../lib/gcc/arm-none-eabi/7.3.1/../../../../arm-none-eabi/lib/thumb/v6-m\libcr_c.a
LOAD c:/nxp/mcuxpressoide_10.3.0_2200/ide/plugins/com.nxp.mcuxpresso.tools.win32_10.3.0.201811011841/tools/bin/../lib/gcc/arm-none-eabi/7.3.1/thumb/v6-m\libcr_eabihelpers.a
END GROUP
                0x00000000                __base_PROGRAM_FLASH = 0x0
                0x00000000                __base_Flash = 0x0
                0x00020000                __top_PROGRAM_FLASH = 0x20000
                0x00020000                __top_Flash = 0x20000
                0x1ffff000                __base_SRAM = 0x1ffff000
                0x1ffff000                __base_RAM = 0x1ffff000
                0x20003000                __top_SRAM = 0x20003000
                0x20003000                __top_RAM = 0x20003000

.text           0x00000000     0x4924
 FILL mask 0xff
                0x00000000                __vectors_start__ = ABSOLUTE (.)
 *(SORT_BY_ALIGNMENT(.isr_vector))
 .isr_vector    0x00000000       0xc0 ./startup/startup_mkl25z4.o
                0x00000000                g_pfnVectors
                0x00000000                __Vectors
                0x000000c0                . = ALIGN (0x4)
                0x000000c0                __section_table_start = .
                0x000000c0                __data_section_table = .
                0x000000c0        0x4 LONG 0x4924 LOADADDR (.data)
                0x000000c4        0x4 LONG 0x1ffff080 ADDR (.data)
                0x000000c8        0x4 LONG 0x8 SIZEOF (.data)
                0x000000cc                __data_section_table_end = .
                0x000000cc                __bss_section_table = .
                0x000000cc        0x4 LONG 0x1ffff088 ADDR (.bss)
                0x000000d0        0x4 LONG 0xec SIZEOF (.bss)
                0x000000d4                __bss_section_table_end = .
                0x000000d4                __section_table_end = .
 *(SORT_BY_ALIGNMENT(.after_vectors*))
 .after_vectors.reset
                0x000000d4       0x4c ./startup/startup_mkl25z4.o
                0x000000d4                ResetISR
 .after_vectors.init_data
                0x00000120       0x16 ./startup/startup_mkl25z4.o
                0x00000120                data_init
 .after_vectors.init_bss
                0x00000136       0x12 ./startup/startup_mkl25z4.o
                0x00000136                bss_init
 .after_vectors
                0x00000148      0x10c ./startup/startup_mkl25z4.o
                0x00000148                NMI_Handler
                0x0000014c                SVC_Handler
                0x0000014e                PendSV_Handler
                0x00000150                SysTick_Handler
                0x00000152                LPTMR0_DriverIRQHandler
                0x00000152                Reserved39_DriverIRQHandler
                0x00000152                DMA0_DriverIRQHandler
                0x00000152                SPI1_DriverIRQHandler
                0x00000152                I2C0_DriverIRQHandler
                0x00000152                PORTD_DriverIRQHandler
                0x00000152                DMA2_DriverIRQHandler
                0x00000152                CMP0_DriverIRQHandler
                0x00000152                TPM2_DriverIRQHandler
                0x00000152                ADC0_DriverIRQHandler
                0x00000152                SPI0_DriverIRQHandler
                0x00000152                TSI0_DriverIRQHandler
                0x00000152                RTC_Seconds_DriverIRQHandler
                0x00000152                I2C1_DriverIRQHandler
                0x00000152                DMA1_DriverIRQHandler
                0x00000152                LLWU_DriverIRQHandler
                0x00000152                MCG_DriverIRQHandler
                0x00000152                PIT_DriverIRQHandler
                0x00000152                RTC_DriverIRQHandler
                0x00000152                TPM1_DriverIRQHandler
                0x00000152                FTFA_DriverIRQHandler
                0x00000152                IntDefaultHandler
                0x00000152                USB0_DriverIRQHandler
                0x00000152                DAC0_DriverIRQHandler
                0x00000152                PORTA_DriverIRQHandler
                0x00000152                LVD_LVW_DriverIRQHandler
                0x00000152                TPM0_DriverIRQHandler
                0x00000152                Reserved45_DriverIRQHandler
                0x00000152                DMA3_DriverIRQHandler
                0x00000152                Reserved20_DriverIRQHandler
                0x00000154                DMA0_IRQHandler
                0x0000015c                DMA1_IRQHandler
                0x00000164                DMA2_IRQHandler
                0x0000016c                DMA3_IRQHandler
                0x00000174                Reserved20_IRQHandler
                0x0000017c                FTFA_IRQHandler
                0x00000184                LVD_LVW_IRQHandler
                0x0000018c                LLWU_IRQHandler
                0x00000194                I2C0_IRQHandler
                0x0000019c                I2C1_IRQHandler
                0x000001a4                SPI0_IRQHandler
                0x000001ac                SPI1_IRQHandler
                0x000001b4                UART0_IRQHandler
                0x000001bc                UART1_IRQHandler
                0x000001c4                UART2_IRQHandler
                0x000001cc                ADC0_IRQHandler
                0x000001d4                CMP0_IRQHandler
                0x000001dc                TPM0_IRQHandler
                0x000001e4                TPM1_IRQHandler
                0x000001ec                TPM2_IRQHandler
                0x000001f4                RTC_IRQHandler
                0x000001fc                RTC_Seconds_IRQHandler
                0x00000204                PIT_IRQHandler
                0x0000020c                Reserved39_IRQHandler
                0x00000214                USB0_IRQHandler
                0x0000021c                DAC0_IRQHandler
                0x00000224                TSI0_IRQHandler
                0x0000022c                MCG_IRQHandler
                0x00000234                LPTMR0_IRQHandler
                0x0000023c                Reserved45_IRQHandler
                0x00000244                PORTA_IRQHandler
                0x0000024c                PORTD_IRQHandler
                0x00000400                . = 0x400
 *fill*         0x00000254      0x1ac ff
                0x00000400                PROVIDE (__FLASH_CONFIG_START__ = .)
 *(SORT_BY_ALIGNMENT(.FlashConfig))
 .FlashConfig   0x00000400       0x10 ./startup/startup_mkl25z4.o
                0x00000400                Flash_Config
                0x00000410                PROVIDE (__FLASH_CONFIG_END__ = .)
                0x00000001                ASSERT (! ((__FLASH_CONFIG_START__ == __FLASH_CONFIG_END__)), Linker Flash Config Support Enabled, but no .FlashConfig section provided within application)
 *(SORT_BY_ALIGNMENT(.text*))
 .text.DbgConsole_Init
                0x00000410       0xf4 ./utilities/fsl_debug_console.o
                0x00000410                DbgConsole_Init
 .text.CLOCK_EnableClock
                0x00000504       0x34 ./source/LED_Manager.o
 .text.PORT_SetPinConfig
                0x00000538       0x38 ./source/LED_Manager.o
 .text.Led_On_PortB
                0x00000570       0x60 ./source/LED_Manager.o
                0x00000570                Led_On_PortB
 .text.Led_Off_PortB
                0x000005d0       0x5c ./source/LED_Manager.o
                0x000005d0                Led_Off_PortB
 .text.ADC16_GetChannelConversionValue
                0x0000062c       0x30 ./source/adc16_polling.o
 .text.main     0x0000065c      0x220 ./source/adc16_polling.o
                0x0000065c                main
 .text.Delay    0x0000087c       0x60 ./source/adc16_polling.o
 .text.ReglaDe3
                0x000008dc       0x28 ./source/adc16_polling.o
 .text.HardFault_Handler
                0x00000904       0x30 ./source/semihost_hardfault.o
                0x00000904                HardFault_Handler
 .text.CLOCK_EnableClock
                0x00000934       0x34 ./drivers/fsl_adc16.o
 .text.ADC16_GetInstance
                0x00000968       0x48 ./drivers/fsl_adc16.o
 .text.ADC16_Init
                0x000009b0      0x114 ./drivers/fsl_adc16.o
                0x000009b0                ADC16_Init
 .text.ADC16_GetDefaultConfig
                0x00000ac4       0x58 ./drivers/fsl_adc16.o
                0x00000ac4                ADC16_GetDefaultConfig
 .text.ADC16_SetChannelConfig
                0x00000b1c       0x6c ./drivers/fsl_adc16.o
                0x00000b1c                ADC16_SetChannelConfig
 .text.ADC16_GetChannelStatusFlags
                0x00000b88       0x40 ./drivers/fsl_adc16.o
                0x00000b88                ADC16_GetChannelStatusFlags
 .text.CLOCK_SetEr32kClock
                0x00000bc8       0x34 ./drivers/fsl_clock.o
 .text.CLOCK_SetPllFllSelClock
                0x00000bfc       0x38 ./drivers/fsl_clock.o
 .text.CLOCK_GetMcgExtClkFreq
                0x00000c34       0x28 ./drivers/fsl_clock.o
 .text.CLOCK_GetFllExtRefClkFreq
                0x00000c5c       0xa4 ./drivers/fsl_clock.o
 .text.CLOCK_GetFllRefClkFreq
                0x00000d00       0x2c ./drivers/fsl_clock.o
 .text.CLOCK_GetOscRangeFromFreq
                0x00000d2c       0x4c ./drivers/fsl_clock.o
 .text.CLOCK_GetPllFllSelClkFreq
                0x00000d78       0x4c ./drivers/fsl_clock.o
                0x00000d78                CLOCK_GetPllFllSelClkFreq
 .text.CLOCK_SetSimConfig
                0x00000dc4       0x38 ./drivers/fsl_clock.o
                0x00000dc4                CLOCK_SetSimConfig
 .text.CLOCK_GetFllFreq
                0x00000dfc       0x84 ./drivers/fsl_clock.o
                0x00000dfc                CLOCK_GetFllFreq
 .text.CLOCK_GetPll0Freq
                0x00000e80       0x70 ./drivers/fsl_clock.o
                0x00000e80                CLOCK_GetPll0Freq
 .text.CLOCK_SetInternalRefClkConfig
                0x00000ef0      0x128 ./drivers/fsl_clock.o
                0x00000ef0                CLOCK_SetInternalRefClkConfig
 .text.CLOCK_EnablePll0
                0x00001018       0x90 ./drivers/fsl_clock.o
                0x00001018                CLOCK_EnablePll0
 .text.CLOCK_InitOsc0
                0x000010a8       0x94 ./drivers/fsl_clock.o
                0x000010a8                CLOCK_InitOsc0
 .text.CLOCK_SetPbeMode
                0x0000113c       0xb0 ./drivers/fsl_clock.o
                0x0000113c                CLOCK_SetPbeMode
 .text.CLOCK_BootToPeeMode
                0x000011ec       0x70 ./drivers/fsl_clock.o
                0x000011ec                CLOCK_BootToPeeMode
 .text.GPIO_PinInit
                0x0000125c       0x64 ./drivers/fsl_gpio.o
                0x0000125c                GPIO_PinInit
 .text.CLOCK_EnableClock
                0x000012c0       0x34 ./drivers/fsl_lpsci.o
 .text.LPSCI_GetInstance
                0x000012f4       0x48 ./drivers/fsl_lpsci.o
                0x000012f4                LPSCI_GetInstance
 .text.LPSCI_Init
                0x0000133c      0x260 ./drivers/fsl_lpsci.o
                0x0000133c                LPSCI_Init
 .text.LPSCI_GetDefaultConfig
                0x0000159c       0x44 ./drivers/fsl_lpsci.o
                0x0000159c                LPSCI_GetDefaultConfig
 .text.LPSCI_ClearStatusFlags
                0x000015e0       0x94 ./drivers/fsl_lpsci.o
                0x000015e0                LPSCI_ClearStatusFlags
 .text.LPSCI_WriteBlocking
                0x00001674       0x4c ./drivers/fsl_lpsci.o
                0x00001674                LPSCI_WriteBlocking
 .text.LPSCI_ReadBlocking
                0x000016c0       0xc0 ./drivers/fsl_lpsci.o
                0x000016c0                LPSCI_ReadBlocking
 .text.UART0_DriverIRQHandler
                0x00001780       0x24 ./drivers/fsl_lpsci.o
                0x00001780                UART0_DriverIRQHandler
 .text.CLOCK_EnableClock
                0x000017a4       0x34 ./drivers/fsl_uart.o
 .text.UART_GetInstance
                0x000017d8       0x54 ./drivers/fsl_uart.o
                0x000017d8                UART_GetInstance
 .text.UART_Init
                0x0000182c      0x1e8 ./drivers/fsl_uart.o
                0x0000182c                UART_Init
 .text.UART_GetDefaultConfig
                0x00001a14       0x44 ./drivers/fsl_uart.o
                0x00001a14                UART_GetDefaultConfig
 .text.UART_ReadBlocking
                0x00001a58       0x98 ./drivers/fsl_uart.o
                0x00001a58                UART_ReadBlocking
 .text.UART1_DriverIRQHandler
                0x00001af0       0x24 ./drivers/fsl_uart.o
                0x00001af0                UART1_DriverIRQHandler
 .text.UART2_DriverIRQHandler
                0x00001b14       0x24 ./drivers/fsl_uart.o
                0x00001b14                UART2_DriverIRQHandler
 .text.CLOCK_SetLpsci0Clock
                0x00001b38       0x38 ./board/board.o
 .text.BOARD_InitDebugConsole
                0x00001b70       0x30 ./board/board.o
                0x00001b70                BOARD_InitDebugConsole
 .text.CLOCK_SetSimSafeDivs
                0x00001ba0       0x20 ./board/clock_config.o
 .text.CLOCK_SetXtal0Freq
                0x00001bc0       0x1c ./board/clock_config.o
 .text.CLOCK_CONFIG_SetFllExtRefDiv
                0x00001bdc       0x3c ./board/clock_config.o
 .text.BOARD_BootClockRUN
                0x00001c18       0x64 ./board/clock_config.o
                0x00001c18                BOARD_BootClockRUN
 .text.CLOCK_EnableClock
                0x00001c7c       0x34 ./board/pin_mux.o
 .text.PORT_SetPinMux
                0x00001cb0       0x40 ./board/pin_mux.o
 .text.BOARD_InitPins
                0x00001cf0       0x68 ./board/pin_mux.o
                0x00001cf0                BOARD_InitPins
 .text.SystemInit
                0x00001d58       0x18 ./CMSIS/system_MKL25Z4.o
                0x00001d58                SystemInit
 .text.__assertion_failed
                0x00001d70       0x4c c:/nxp/mcuxpressoide_10.3.0_2200/ide/plugins/com.nxp.mcuxpresso.tools.win32_10.3.0.201811011841/tools/bin/../lib/gcc/arm-none-eabi/7.3.1/../../../../arm-none-eabi/lib/thumb/v6-m\libcr_semihost_nf.a(_cr_assert.o)
                0x00001d70                __assertion_failed
 .text.__sys_appexit
                0x00001dbc        0xc c:/nxp/mcuxpressoide_10.3.0_2200/ide/plugins/com.nxp.mcuxpresso.tools.win32_10.3.0.201811011841/tools/bin/../lib/gcc/arm-none-eabi/7.3.1/../../../../arm-none-eabi/lib/thumb/v6-m\libcr_semihost_nf.a(__sys_appexit.o)
                0x00001dbc                __sys_appexit
                0x00001dbc                __exit
 .text._deferredlazyseek
                0x00001dc8       0x40 c:/nxp/mcuxpressoide_10.3.0_2200/ide/plugins/com.nxp.mcuxpresso.tools.win32_10.3.0.201811011841/tools/bin/../lib/gcc/arm-none-eabi/7.3.1/../../../../arm-none-eabi/lib/thumb/v6-m\libcr_c.a(_deferredlazyseek.o)
                0x00001dc8                _deferredlazyseek
 .text.__flsbuf
                0x00001e08      0x14c c:/nxp/mcuxpressoide_10.3.0_2200/ide/plugins/com.nxp.mcuxpresso.tools.win32_10.3.0.201811011841/tools/bin/../lib/gcc/arm-none-eabi/7.3.1/../../../../arm-none-eabi/lib/thumb/v6-m\libcr_c.a(_deferredlazyseek.o)
                0x00001e08                __flsbuf
 .text._fflush  0x00001f54       0x5c c:/nxp/mcuxpressoide_10.3.0_2200/ide/plugins/com.nxp.mcuxpresso.tools.win32_10.3.0.201811011841/tools/bin/../lib/gcc/arm-none-eabi/7.3.1/../../../../arm-none-eabi/lib/thumb/v6-m\libcr_c.a(_fflush.o)
                0x00001f54                _fflush
 .text._Cwritebuf
                0x00001fb0       0x68 c:/nxp/mcuxpressoide_10.3.0_2200/ide/plugins/com.nxp.mcuxpresso.tools.win32_10.3.0.201811011841/tools/bin/../lib/gcc/arm-none-eabi/7.3.1/../../../../arm-none-eabi/lib/thumb/v6-m\libcr_c.a(_writebuf.o)
                0x00001fb0                _Cwritebuf
 .text.malloc   0x00002018       0xcc c:/nxp/mcuxpressoide_10.3.0_2200/ide/plugins/com.nxp.mcuxpresso.tools.win32_10.3.0.201811011841/tools/bin/../lib/gcc/arm-none-eabi/7.3.1/../../../../arm-none-eabi/lib/thumb/v6-m\libcr_c.a(alloc.o)
                0x00002018                malloc
 .text._Csys_alloc
                0x000020e4       0x20 c:/nxp/mcuxpressoide_10.3.0_2200/ide/plugins/com.nxp.mcuxpresso.tools.win32_10.3.0.201811011841/tools/bin/../lib/gcc/arm-none-eabi/7.3.1/../../../../arm-none-eabi/lib/thumb/v6-m\libcr_c.a(alloc.o)
                0x000020e4                _Csys_alloc
 .text.fseek    0x00002104       0xf0 c:/nxp/mcuxpressoide_10.3.0_2200/ide/plugins/com.nxp.mcuxpresso.tools.win32_10.3.0.201811011841/tools/bin/../lib/gcc/arm-none-eabi/7.3.1/../../../../arm-none-eabi/lib/thumb/v6-m\libcr_c.a(fseek.o)
                0x00002104                fseek
 .text.ftell    0x000021f4       0x48 c:/nxp/mcuxpressoide_10.3.0_2200/ide/plugins/com.nxp.mcuxpresso.tools.win32_10.3.0.201811011841/tools/bin/../lib/gcc/arm-none-eabi/7.3.1/../../../../arm-none-eabi/lib/thumb/v6-m\libcr_c.a(ftell.o)
                0x000021f4                ftell
 .text._initio  0x0000223c       0x7c c:/nxp/mcuxpressoide_10.3.0_2200/ide/plugins/com.nxp.mcuxpresso.tools.win32_10.3.0.201811011841/tools/bin/../lib/gcc/arm-none-eabi/7.3.1/../../../../arm-none-eabi/lib/thumb/v6-m\libcr_c.a(initio.o)
                0x0000223c                _initio
 .text.__vfprintf
                0x000022b8      0xcb8 c:/nxp/mcuxpressoide_10.3.0_2200/ide/plugins/com.nxp.mcuxpresso.tools.win32_10.3.0.201811011841/tools/bin/../lib/gcc/arm-none-eabi/7.3.1/../../../../arm-none-eabi/lib/thumb/v6-m\libcr_c.a(printf.o)
                0x000022b8                __vfprintf
 .text._vsnprintf
                0x00002f70       0x70 c:/nxp/mcuxpressoide_10.3.0_2200/ide/plugins/com.nxp.mcuxpresso.tools.win32_10.3.0.201811011841/tools/bin/../lib/gcc/arm-none-eabi/7.3.1/../../../../arm-none-eabi/lib/thumb/v6-m\libcr_c.a(printf.o)
                0x00002f70                _vsnprintf
 .text._printf  0x00002fe0       0x50 c:/nxp/mcuxpressoide_10.3.0_2200/ide/plugins/com.nxp.mcuxpresso.tools.win32_10.3.0.201811011841/tools/bin/../lib/gcc/arm-none-eabi/7.3.1/../../../../arm-none-eabi/lib/thumb/v6-m\libcr_c.a(printf.o)
                0x00002fe0                _printf
 .text.setvbuf  0x00003030       0x48 c:/nxp/mcuxpressoide_10.3.0_2200/ide/plugins/com.nxp.mcuxpresso.tools.win32_10.3.0.201811011841/tools/bin/../lib/gcc/arm-none-eabi/7.3.1/../../../../arm-none-eabi/lib/thumb/v6-m\libcr_c.a(setvbuf.o)
                0x00003030                setvbuf
 .text.strlen   0x00003078       0x58 c:/nxp/mcuxpressoide_10.3.0_2200/ide/plugins/com.nxp.mcuxpresso.tools.win32_10.3.0.201811011841/tools/bin/../lib/gcc/arm-none-eabi/7.3.1/../../../../arm-none-eabi/lib/thumb/v6-m\libcr_c.a(strlen.o)
                0x00003078                strlen
 .text._sbrk    0x000030d0       0x40 c:/nxp/mcuxpressoide_10.3.0_2200/ide/plugins/com.nxp.mcuxpresso.tools.win32_10.3.0.201811011841/tools/bin/../lib/gcc/arm-none-eabi/7.3.1/../../../../arm-none-eabi/lib/thumb/v6-m\libcr_c.a(_cr_sbrk.o)
                0x000030d0                _sbrk
 .text._fdopen  0x00003110       0x74 c:/nxp/mcuxpressoide_10.3.0_2200/ide/plugins/com.nxp.mcuxpresso.tools.win32_10.3.0.201811011841/tools/bin/../lib/gcc/arm-none-eabi/7.3.1/../../../../arm-none-eabi/lib/thumb/v6-m\libcr_c.a(_fdopen.o)
                0x00003110                _fdopen
 .text.fclose   0x00003184       0x5c c:/nxp/mcuxpressoide_10.3.0_2200/ide/plugins/com.nxp.mcuxpresso.tools.win32_10.3.0.201811011841/tools/bin/../lib/gcc/arm-none-eabi/7.3.1/../../../../arm-none-eabi/lib/thumb/v6-m\libcr_c.a(fclose.o)
                0x00003184                fclose
 .text.fflush   0x000031e0       0x44 c:/nxp/mcuxpressoide_10.3.0_2200/ide/plugins/com.nxp.mcuxpresso.tools.win32_10.3.0.201811011841/tools/bin/../lib/gcc/arm-none-eabi/7.3.1/../../../../arm-none-eabi/lib/thumb/v6-m\libcr_c.a(fflush.o)
                0x000031e0                fflush
 .text.__check_heap_overflow
                0x00003224       0x14 c:/nxp/mcuxpressoide_10.3.0_2200/ide/plugins/com.nxp.mcuxpresso.tools.win32_10.3.0.201811011841/tools/bin/../lib/gcc/arm-none-eabi/7.3.1/../../../../arm-none-eabi/lib/thumb/v6-m\libcr_c.a(_cr_check_heap.o)
                0x00003224                __check_heap_overflow
 .text._do_fflush
                0x00003238       0x44 c:/nxp/mcuxpressoide_10.3.0_2200/ide/plugins/com.nxp.mcuxpresso.tools.win32_10.3.0.201811011841/tools/bin/../lib/gcc/arm-none-eabi/7.3.1/../../../../arm-none-eabi/lib/thumb/v6-m\libcr_c.a(_do_fflush.o)
                0x00003238                _do_fflush
 .text.__aeabi_fsub
                0x0000327c      0x130 c:/nxp/mcuxpressoide_10.3.0_2200/ide/plugins/com.nxp.mcuxpresso.tools.win32_10.3.0.201811011841/tools/bin/../lib/gcc/arm-none-eabi/7.3.1/thumb/v6-m\libcr_eabihelpers.a(float.o)
                0x0000327c                __aeabi_fsub
 .text.__aeabi_fadd
                0x000033ac       0xb0 c:/nxp/mcuxpressoide_10.3.0_2200/ide/plugins/com.nxp.mcuxpresso.tools.win32_10.3.0.201811011841/tools/bin/../lib/gcc/arm-none-eabi/7.3.1/thumb/v6-m\libcr_eabihelpers.a(float.o)
                0x000033ac                __aeabi_fadd
 .text.UART_EnableTx
                0x0000345c       0x40 ./utilities/fsl_debug_console.o
 .text.UART_EnableRx
                0x0000349c       0x40 ./utilities/fsl_debug_console.o
 .text.LPSCI_EnableTx
                0x000034dc       0x40 ./utilities/fsl_debug_console.o
 .text.LPSCI_EnableRx
                0x0000351c       0x40 ./utilities/fsl_debug_console.o
 .text.ADC16_EnableHardwareTrigger
                0x0000355c       0x3a ./source/adc16_polling.o
 .text.Abs      0x00003596       0x28 ./source/adc16_polling.o
                0x00003596                Abs
 .text.contadorBinario
                0x000035be       0xa6 ./source/adc16_polling.o
 .text.ADC16_DoAutoCalibration
                0x00003664      0x11a ./drivers/fsl_adc16.o
                0x00003664                ADC16_DoAutoCalibration
 .text.ADC16_GetStatusFlags
                0x0000377e       0x3a ./drivers/fsl_adc16.o
                0x0000377e                ADC16_GetStatusFlags
 .text.OSC_SetExtRefClkConfig
                0x000037b8       0x3e ./drivers/fsl_clock.o
 .text.OSC_SetCapLoad
                0x000037f6       0x42 ./drivers/fsl_clock.o
 .text.CLOCK_GetPll0RefFreq
                0x00003838       0x10 ./drivers/fsl_clock.o
 .text.CLOCK_SetExternalRefClkConfig
                0x00003848       0x16 ./drivers/fsl_clock.o
                0x00003848                CLOCK_SetExternalRefClkConfig
 .text.GPIO_WritePinOutput
                0x0000385e       0x34 ./drivers/fsl_gpio.o
 .text.LPSCI_GetStatusFlags
                0x00003892       0x26 ./drivers/fsl_lpsci.o
                0x00003892                LPSCI_GetStatusFlags
 .text.UART_GetStatusFlags
                0x000038b8       0x26 ./drivers/fsl_uart.o
                0x000038b8                UART_GetStatusFlags
 .text.UART_WriteBlocking
                0x000038de       0x3a ./drivers/fsl_uart.o
                0x000038de                UART_WriteBlocking
 .text.__main   0x00003918        0xc c:/nxp/mcuxpressoide_10.3.0_2200/ide/plugins/com.nxp.mcuxpresso.tools.win32_10.3.0.201811011841/tools/bin/../lib/gcc/arm-none-eabi/7.3.1/../../../../arm-none-eabi/lib/thumb/v6-m\libcr_semihost_nf.a(_cr__main.o)
                0x00003918                __CR_SEMIHOST
                0x00003918                __main
 .text.memset   0x00003924        0x8 c:/nxp/mcuxpressoide_10.3.0_2200/ide/plugins/com.nxp.mcuxpresso.tools.win32_10.3.0.201811011841/tools/bin/../lib/gcc/arm-none-eabi/7.3.1/../../../../arm-none-eabi/lib/thumb/v6-m\libcr_c.a(memset.o)
                0x00003924                memset
 .text.free     0x0000392c       0x2c c:/nxp/mcuxpressoide_10.3.0_2200/ide/plugins/com.nxp.mcuxpresso.tools.win32_10.3.0.201811011841/tools/bin/../lib/gcc/arm-none-eabi/7.3.1/../../../../arm-none-eabi/lib/thumb/v6-m\libcr_c.a(alloc.o)
                0x0000392c                free
 .text.fputs    0x00003958       0x2e c:/nxp/mcuxpressoide_10.3.0_2200/ide/plugins/com.nxp.mcuxpresso.tools.win32_10.3.0.201811011841/tools/bin/../lib/gcc/arm-none-eabi/7.3.1/../../../../arm-none-eabi/lib/thumb/v6-m\libcr_c.a(fputs.o)
                0x00003958                fputs
 .text.no_fp_display
                0x00003986        0x4 c:/nxp/mcuxpressoide_10.3.0_2200/ide/plugins/com.nxp.mcuxpresso.tools.win32_10.3.0.201811011841/tools/bin/../lib/gcc/arm-none-eabi/7.3.1/../../../../arm-none-eabi/lib/thumb/v6-m\libcr_c.a(printf.o)
 .text.remove   0x0000398a       0x12 c:/nxp/mcuxpressoide_10.3.0_2200/ide/plugins/com.nxp.mcuxpresso.tools.win32_10.3.0.201811011841/tools/bin/../lib/gcc/arm-none-eabi/7.3.1/../../../../arm-none-eabi/lib/thumb/v6-m\libcr_c.a(remove.o)
                0x0000398a                remove
 .text.__aeabi_division_idivmod
                0x0000399c       0x78 c:/nxp/mcuxpressoide_10.3.0_2200/ide/plugins/com.nxp.mcuxpresso.tools.win32_10.3.0.201811011841/tools/bin/../lib/gcc/arm-none-eabi/7.3.1/thumb/v6-m\libcr_eabihelpers.a(division_32.o)
                0x0000399c                __aeabi_idivmod
                0x0000399c                __aeabi_idiv
                0x000039a2                __aeabi_uidivmod
                0x000039a2                __aeabi_uidiv
 .text.__aeabi_division_idiv0
                0x00003a14        0x2 c:/nxp/mcuxpressoide_10.3.0_2200/ide/plugins/com.nxp.mcuxpresso.tools.win32_10.3.0.201811011841/tools/bin/../lib/gcc/arm-none-eabi/7.3.1/thumb/v6-m\libcr_eabihelpers.a(division_idiv0.o)
                0x00003a14                __aeabi_idiv0
 .text.__bhs_ui2f
                0x00003a16       0x62 c:/nxp/mcuxpressoide_10.3.0_2200/ide/plugins/com.nxp.mcuxpresso.tools.win32_10.3.0.201811011841/tools/bin/../lib/gcc/arm-none-eabi/7.3.1/thumb/v6-m\libcr_eabihelpers.a(float.o)
                0x00003a16                __bhs_ui2f
 .text.__aeabi_i2f
                0x00003a78       0x18 c:/nxp/mcuxpressoide_10.3.0_2200/ide/plugins/com.nxp.mcuxpresso.tools.win32_10.3.0.201811011841/tools/bin/../lib/gcc/arm-none-eabi/7.3.1/thumb/v6-m\libcr_eabihelpers.a(float.o)
                0x00003a78                __aeabi_i2f
 .text.__aeabi_fcmpge
                0x00003a90       0x3c c:/nxp/mcuxpressoide_10.3.0_2200/ide/plugins/com.nxp.mcuxpresso.tools.win32_10.3.0.201811011841/tools/bin/../lib/gcc/arm-none-eabi/7.3.1/thumb/v6-m\libcr_eabihelpers.a(float.o)
                0x00003a90                __aeabi_fcmpge
 .text.__aeabi_llong_lmul
                0x00003acc       0x2e c:/nxp/mcuxpressoide_10.3.0_2200/ide/plugins/com.nxp.mcuxpresso.tools.win32_10.3.0.201811011841/tools/bin/../lib/gcc/arm-none-eabi/7.3.1/thumb/v6-m\libcr_eabihelpers.a(llong.o)
                0x00003acc                __aeabi_lmul
 .text.__aeabi_memset_lowlevel
                0x00003afa       0x2a c:/nxp/mcuxpressoide_10.3.0_2200/ide/plugins/com.nxp.mcuxpresso.tools.win32_10.3.0.201811011841/tools/bin/../lib/gcc/arm-none-eabi/7.3.1/thumb/v6-m\libcr_eabihelpers.a(memcpy.o)
                0x00003afa                __aeabi_lowlevel_memset
 .text.__sys_close
                0x00003b24        0xc c:/nxp/mcuxpressoide_10.3.0_2200/ide/plugins/com.nxp.mcuxpresso.tools.win32_10.3.0.201811011841/tools/bin/../lib/gcc/arm-none-eabi/7.3.1/../../../../arm-none-eabi/lib/thumb/v6-m\libcr_semihost_nf.a(__sys_close.o)
                0x00003b24                __sys_close
 .text.__sys_flen
                0x00003b30        0xc c:/nxp/mcuxpressoide_10.3.0_2200/ide/plugins/com.nxp.mcuxpresso.tools.win32_10.3.0.201811011841/tools/bin/../lib/gcc/arm-none-eabi/7.3.1/../../../../arm-none-eabi/lib/thumb/v6-m\libcr_semihost_nf.a(__sys_flen.o)
                0x00003b30                __sys_flen
 .text.__sys_istty
                0x00003b3c        0xc c:/nxp/mcuxpressoide_10.3.0_2200/ide/plugins/com.nxp.mcuxpresso.tools.win32_10.3.0.201811011841/tools/bin/../lib/gcc/arm-none-eabi/7.3.1/../../../../arm-none-eabi/lib/thumb/v6-m\libcr_semihost_nf.a(__sys_istty.o)
                0x00003b3c                __sys_istty
 .text.__sys_remove
                0x00003b48        0xc c:/nxp/mcuxpressoide_10.3.0_2200/ide/plugins/com.nxp.mcuxpresso.tools.win32_10.3.0.201811011841/tools/bin/../lib/gcc/arm-none-eabi/7.3.1/../../../../arm-none-eabi/lib/thumb/v6-m\libcr_semihost_nf.a(__sys_remove.o)
                0x00003b48                __sys_remove
 .text.__sys_seek
                0x00003b54        0xc c:/nxp/mcuxpressoide_10.3.0_2200/ide/plugins/com.nxp.mcuxpresso.tools.win32_10.3.0.201811011841/tools/bin/../lib/gcc/arm-none-eabi/7.3.1/../../../../arm-none-eabi/lib/thumb/v6-m\libcr_semihost_nf.a(__sys_seek.o)
                0x00003b54                __sys_seek
 .text.__sys_tmpnam
                0x00003b60        0xc c:/nxp/mcuxpressoide_10.3.0_2200/ide/plugins/com.nxp.mcuxpresso.tools.win32_10.3.0.201811011841/tools/bin/../lib/gcc/arm-none-eabi/7.3.1/../../../../arm-none-eabi/lib/thumb/v6-m\libcr_semihost_nf.a(__sys_tmpnam.o)
                0x00003b60                __sys_tmpnam
 .text.__sys_write
                0x00003b6c        0xc c:/nxp/mcuxpressoide_10.3.0_2200/ide/plugins/com.nxp.mcuxpresso.tools.win32_10.3.0.201811011841/tools/bin/../lib/gcc/arm-none-eabi/7.3.1/../../../../arm-none-eabi/lib/thumb/v6-m\libcr_semihost_nf.a(__sys_write.o)
                0x00003b6c                __sys_write
 *(SORT_BY_ALIGNMENT(.rodata) SORT_BY_ALIGNMENT(.rodata.*) SORT_BY_ALIGNMENT(.constdata) SORT_BY_ALIGNMENT(.constdata.*))
 .rodata        0x00003b78       0x23 ./source/LED_Manager.o
 *fill*         0x00003b9b        0x1 ff
 .rodata        0x00003b9c      0x12d ./source/adc16_polling.o
 *fill*         0x00003cc9        0x3 ff
 .rodata        0x00003ccc      0x13a ./drivers/fsl_adc16.o
 *fill*         0x00003e06        0x2 ff
 .rodata        0x00003e08      0x11d ./drivers/fsl_clock.o
 *fill*         0x00003f25        0x3 ff
 .rodata.fllFactorTable.5188
                0x00003f28       0x10 ./drivers/fsl_clock.o
 .rodata        0x00003f38       0x62 ./drivers/fsl_gpio.o
 *fill*         0x00003f9a        0x2 ff
 .rodata        0x00003f9c      0x48c ./drivers/fsl_lpsci.o
 .rodata.s_uartBases
                0x00004428        0xc ./drivers/fsl_uart.o
 .rodata.s_uartClock
                0x00004434        0xc ./drivers/fsl_uart.o
 .rodata        0x00004440      0x45b ./drivers/fsl_uart.o
 *fill*         0x0000489b        0x1 ff
 .rodata.mcgConfig_BOARD_BootClockRUN
                0x0000489c        0xa ./board/clock_config.o
                0x0000489c                mcgConfig_BOARD_BootClockRUN
 *fill*         0x000048a6        0x2 ff
 .rodata.simConfig_BOARD_BootClockRUN
                0x000048a8        0x8 ./board/clock_config.o
                0x000048a8                simConfig_BOARD_BootClockRUN
 .rodata.oscConfig_BOARD_BootClockRUN
                0x000048b0        0x8 ./board/clock_config.o
                0x000048b0                oscConfig_BOARD_BootClockRUN
 .rodata.__num_Ciob_streams
                0x000048b8        0x4 c:/nxp/mcuxpressoide_10.3.0_2200/ide/plugins/com.nxp.mcuxpresso.tools.win32_10.3.0.201811011841/tools/bin/../lib/gcc/arm-none-eabi/7.3.1/../../../../arm-none-eabi/lib/thumb/v6-m\libcr_semihost_nf.a(__ciob.o)
                0x000048b8                __num_Ciob_streams
 .rodata.__assertion_failed.str1.1
                0x000048bc       0x15 c:/nxp/mcuxpressoide_10.3.0_2200/ide/plugins/com.nxp.mcuxpresso.tools.win32_10.3.0.201811011841/tools/bin/../lib/gcc/arm-none-eabi/7.3.1/../../../../arm-none-eabi/lib/thumb/v6-m\libcr_semihost_nf.a(_cr_assert.o)
 .rodata._Csys_alloc.str1.1
                0x000048d1       0x18 c:/nxp/mcuxpressoide_10.3.0_2200/ide/plugins/com.nxp.mcuxpresso.tools.win32_10.3.0.201811011841/tools/bin/../lib/gcc/arm-none-eabi/7.3.1/../../../../arm-none-eabi/lib/thumb/v6-m\libcr_c.a(alloc.o)
 .rodata._initio.str1.1
                0x000048e9        0x4 c:/nxp/mcuxpressoide_10.3.0_2200/ide/plugins/com.nxp.mcuxpresso.tools.win32_10.3.0.201811011841/tools/bin/../lib/gcc/arm-none-eabi/7.3.1/../../../../arm-none-eabi/lib/thumb/v6-m\libcr_c.a(initio.o)
 .rodata.__vfprintf.str1.1
                0x000048ed       0x35 c:/nxp/mcuxpressoide_10.3.0_2200/ide/plugins/com.nxp.mcuxpresso.tools.win32_10.3.0.201811011841/tools/bin/../lib/gcc/arm-none-eabi/7.3.1/../../../../arm-none-eabi/lib/thumb/v6-m\libcr_c.a(printf.o)
                                 0x38 (size before relaxing)
                0x00004924                . = ALIGN (0x4)
 *fill*         0x00004922        0x2 ff

.glue_7         0x00004924        0x0
 .glue_7        0x00004924        0x0 linker stubs

.glue_7t        0x00004924        0x0
 .glue_7t       0x00004924        0x0 linker stubs

.vfp11_veneer   0x00004924        0x0
 .vfp11_veneer  0x00004924        0x0 linker stubs

.v4_bx          0x00004924        0x0
 .v4_bx         0x00004924        0x0 linker stubs

.iplt           0x00004924        0x0
 .iplt          0x00004924        0x0 ./utilities/fsl_debug_console.o

.rel.dyn        0x00004924        0x0
 .rel.iplt      0x00004924        0x0 ./utilities/fsl_debug_console.o

.ARM.extab
 *(SORT_BY_ALIGNMENT(.ARM.extab*) SORT_BY_ALIGNMENT(.gnu.linkonce.armextab.*))
                0x00004924                __exidx_start = .

.ARM.exidx
 *(SORT_BY_ALIGNMENT(.ARM.exidx*) SORT_BY_ALIGNMENT(.gnu.linkonce.armexidx.*))
                0x00004924                __exidx_end = .
                0x00004924                _etext = .

.m_usb_data
 *(SORT_BY_ALIGNMENT(m_usb_bdt))

.mtb_buffer_default
                0x1ffff000       0x80
 *(SORT_BY_ALIGNMENT(.mtb*))
 .mtb.$RAM1     0x1ffff000       0x80 ./source/mtb.o
                0x1ffff000                __mtb_buffer__

.uninit_RESERVED
                0x1ffff080        0x0
 *(SORT_BY_ALIGNMENT(.bss.$RESERVED*))
                0x1ffff080                . = ALIGN (0x4)
                0x1ffff080                _end_uninit_RESERVED = .

.data           0x1ffff080        0x8 load address 0x00004924
 FILL mask 0xff
                0x1ffff080                _data = .
 *(SORT_BY_ALIGNMENT(vtable))
 *(SORT_BY_ALIGNMENT(.ramfunc*))
 *(SORT_BY_ALIGNMENT(.data*))
 .data.s_slowIrcFreq
                0x1ffff080        0x4 ./drivers/fsl_clock.o
 .data.SystemCoreClock
                0x1ffff084        0x4 ./CMSIS/system_MKL25Z4.o
                0x1ffff084                SystemCoreClock
                0x1ffff088                . = ALIGN (0x4)
                0x1ffff088                _edata = .

.igot.plt       0x1ffff088        0x0 load address 0x0000492c
 .igot.plt      0x1ffff088        0x0 ./utilities/fsl_debug_console.o

.bss            0x1ffff088       0xec load address 0x0000492c
                0x1ffff088                _bss = .
 *(SORT_BY_ALIGNMENT(.bss*))
 .bss.s_debugConsole
                0x1ffff088       0x10 ./utilities/fsl_debug_console.o
 .bss.g_xtal0Freq
                0x1ffff098        0x4 ./drivers/fsl_clock.o
                0x1ffff098                g_xtal0Freq
 .bss.s_lpsciHandle
                0x1ffff09c        0x4 ./drivers/fsl_lpsci.o
 .bss.s_lpsciIsr
                0x1ffff0a0        0x4 ./drivers/fsl_lpsci.o
 .bss.s_uartHandle
                0x1ffff0a4        0xc ./drivers/fsl_uart.o
 .bss.s_uartIsr
                0x1ffff0b0        0x4 ./drivers/fsl_uart.o
 .bss.__Ciob    0x1ffff0b4       0xb4 c:/nxp/mcuxpressoide_10.3.0_2200/ide/plugins/com.nxp.mcuxpresso.tools.win32_10.3.0.201811011841/tools/bin/../lib/gcc/arm-none-eabi/7.3.1/../../../../arm-none-eabi/lib/thumb/v6-m\libcr_semihost_nf.a(__ciob.o)
                0x1ffff0b4                __Ciob
 .bss.__end_of_heap
                0x1ffff168        0x4 c:/nxp/mcuxpressoide_10.3.0_2200/ide/plugins/com.nxp.mcuxpresso.tools.win32_10.3.0.201811011841/tools/bin/../lib/gcc/arm-none-eabi/7.3.1/../../../../arm-none-eabi/lib/thumb/v6-m\libcr_c.a(__init_alloc.o)
                0x1ffff168                __end_of_heap
 .bss.__heaps   0x1ffff16c        0x4 c:/nxp/mcuxpressoide_10.3.0_2200/ide/plugins/com.nxp.mcuxpresso.tools.win32_10.3.0.201811011841/tools/bin/../lib/gcc/arm-none-eabi/7.3.1/../../../../arm-none-eabi/lib/thumb/v6-m\libcr_c.a(__init_alloc.o)
                0x1ffff16c                __heaps
 .bss.errno     0x1ffff170        0x4 c:/nxp/mcuxpressoide_10.3.0_2200/ide/plugins/com.nxp.mcuxpresso.tools.win32_10.3.0.201811011841/tools/bin/../lib/gcc/arm-none-eabi/7.3.1/../../../../arm-none-eabi/lib/thumb/v6-m\libcr_c.a(errno.o)
                0x1ffff170                errno
 *(SORT_BY_ALIGNMENT(COMMON))
                0x1ffff174                . = ALIGN (0x4)
                0x1ffff174                _ebss = .
                [!provide]                PROVIDE (end = .)

.noinit         0x1ffff174        0x0 load address 0x0000492c
                0x1ffff174                _noinit = .
 *(SORT_BY_ALIGNMENT(.noinit*))
                0x1ffff174                . = ALIGN (0x4)
                0x1ffff174                _end_noinit = .
                0x00000400                _HeapSize = 0x400

.heap           0x1ffff174      0x400 load address 0x0000492c
                0x1ffff174                _pvHeapStart = .
                0x1ffff574                . = (. + _HeapSize)
 *fill*         0x1ffff174      0x400 
                0x1ffff574                . = ALIGN (0x4)
                0x1ffff574                _pvHeapLimit = .
                0x00000400                _StackSize = 0x400

.heap2stackfill
                0x1ffff574      0x400 load address 0x0000492c
                0x1ffff974                . = (. + _StackSize)
 *fill*         0x1ffff574      0x400 

.stack          0x20002c00        0x0
                0x20002c00                _vStackBase = .
                0x20002c00                . = ALIGN (0x4)
                0x20003000                _vStackTop = (. + _StackSize)
                0x00000000                _image_start = LOADADDR (.text)
                0x0000492c                _image_end = (LOADADDR (.data) + SIZEOF (.data))
                0x0000492c                _image_size = (_image_end - _image_start)
OUTPUT(FotoResistencia project_driver_examples_adc16_polling.axf elf32-littlearm)

.debug_info     0x00000000     0x8c4f
 .debug_info    0x00000000      0x95c ./utilities/fsl_debug_console.o
 .debug_info    0x0000095c      0x497 ./startup/startup_mkl25z4.o
 .debug_info    0x00000df3      0x609 ./source/LED_Manager.o
 .debug_info    0x000013fc      0xb2c ./source/adc16_polling.o
 .debug_info    0x00001f28       0x4e ./source/mtb.o
 .debug_info    0x00001f76       0x37 ./source/semihost_hardfault.o
 .debug_info    0x00001fad      0xc16 ./drivers/fsl_adc16.o
 .debug_info    0x00002bc3     0x195e ./drivers/fsl_clock.o
 .debug_info    0x00004521      0x52e ./drivers/fsl_gpio.o
 .debug_info    0x00004a4f     0x1388 ./drivers/fsl_lpsci.o
 .debug_info    0x00005dd7     0x1332 ./drivers/fsl_uart.o
 .debug_info    0x00007109      0x791 ./board/board.o
 .debug_info    0x0000789a      0xa66 ./board/clock_config.o
 .debug_info    0x00008300      0x555 ./board/pin_mux.o
 .debug_info    0x00008855      0x3fa ./CMSIS/system_MKL25Z4.o

.debug_abbrev   0x00000000     0x1b61
 .debug_abbrev  0x00000000      0x1f0 ./utilities/fsl_debug_console.o
 .debug_abbrev  0x000001f0      0x16a ./startup/startup_mkl25z4.o
 .debug_abbrev  0x0000035a      0x223 ./source/LED_Manager.o
 .debug_abbrev  0x0000057d      0x265 ./source/adc16_polling.o
 .debug_abbrev  0x000007e2       0x41 ./source/mtb.o
 .debug_abbrev  0x00000823       0x2c ./source/semihost_hardfault.o
 .debug_abbrev  0x0000084f      0x26b ./drivers/fsl_adc16.o
 .debug_abbrev  0x00000aba      0x326 ./drivers/fsl_clock.o
 .debug_abbrev  0x00000de0      0x193 ./drivers/fsl_gpio.o
 .debug_abbrev  0x00000f73      0x2ca ./drivers/fsl_lpsci.o
 .debug_abbrev  0x0000123d      0x2e2 ./drivers/fsl_uart.o
 .debug_abbrev  0x0000151f      0x182 ./board/board.o
 .debug_abbrev  0x000016a1      0x1f1 ./board/clock_config.o
 .debug_abbrev  0x00001892      0x196 ./board/pin_mux.o
 .debug_abbrev  0x00001a28      0x139 ./CMSIS/system_MKL25Z4.o

.debug_aranges  0x00000000      0x840
 .debug_aranges
                0x00000000       0x48 ./utilities/fsl_debug_console.o
 .debug_aranges
                0x00000048      0x160 ./startup/startup_mkl25z4.o
 .debug_aranges
                0x000001a8       0x50 ./source/LED_Manager.o
 .debug_aranges
                0x000001f8       0x58 ./source/adc16_polling.o
 .debug_aranges
                0x00000250       0x18 ./source/mtb.o
 .debug_aranges
                0x00000268       0x20 ./source/semihost_hardfault.o
 .debug_aranges
                0x00000288       0x88 ./drivers/fsl_adc16.o
 .debug_aranges
                0x00000310      0x1d8 ./drivers/fsl_clock.o
 .debug_aranges
                0x000004e8       0x40 ./drivers/fsl_gpio.o
 .debug_aranges
                0x00000528      0x118 ./drivers/fsl_lpsci.o
 .debug_aranges
                0x00000640      0x130 ./drivers/fsl_uart.o
 .debug_aranges
                0x00000770       0x28 ./board/board.o
 .debug_aranges
                0x00000798       0x50 ./board/clock_config.o
 .debug_aranges
                0x000007e8       0x30 ./board/pin_mux.o
 .debug_aranges
                0x00000818       0x28 ./CMSIS/system_MKL25Z4.o

.debug_ranges   0x00000000      0x748
 .debug_ranges  0x00000000       0x38 ./utilities/fsl_debug_console.o
 .debug_ranges  0x00000038      0x150 ./startup/startup_mkl25z4.o
 .debug_ranges  0x00000188       0x40 ./source/LED_Manager.o
 .debug_ranges  0x000001c8       0x48 ./source/adc16_polling.o
 .debug_ranges  0x00000210       0x10 ./source/semihost_hardfault.o
 .debug_ranges  0x00000220       0x78 ./drivers/fsl_adc16.o
 .debug_ranges  0x00000298      0x1c8 ./drivers/fsl_clock.o
 .debug_ranges  0x00000460       0x30 ./drivers/fsl_gpio.o
 .debug_ranges  0x00000490      0x108 ./drivers/fsl_lpsci.o
 .debug_ranges  0x00000598      0x120 ./drivers/fsl_uart.o
 .debug_ranges  0x000006b8       0x18 ./board/board.o
 .debug_ranges  0x000006d0       0x40 ./board/clock_config.o
 .debug_ranges  0x00000710       0x20 ./board/pin_mux.o
 .debug_ranges  0x00000730       0x18 ./CMSIS/system_MKL25Z4.o

.debug_line     0x00000000     0x2e16
 .debug_line    0x00000000      0x27b ./utilities/fsl_debug_console.o
 .debug_line    0x0000027b      0x128 ./startup/startup_mkl25z4.o
 .debug_line    0x000003a3      0x273 ./source/LED_Manager.o
 .debug_line    0x00000616      0x32f ./source/adc16_polling.o
 .debug_line    0x00000945       0x30 ./source/mtb.o
 .debug_line    0x00000975       0x54 ./source/semihost_hardfault.o
 .debug_line    0x000009c9      0x35e ./drivers/fsl_adc16.o
 .debug_line    0x00000d27      0x938 ./drivers/fsl_clock.o
 .debug_line    0x0000165f      0x225 ./drivers/fsl_gpio.o
 .debug_line    0x00001884      0x6eb ./drivers/fsl_lpsci.o
 .debug_line    0x00001f6f      0x6ee ./drivers/fsl_uart.o
 .debug_line    0x0000265d      0x1c6 ./board/board.o
 .debug_line    0x00002823      0x255 ./board/clock_config.o
 .debug_line    0x00002a78      0x1d5 ./board/pin_mux.o
 .debug_line    0x00002c4d      0x1c9 ./CMSIS/system_MKL25Z4.o

.debug_str      0x00000000     0x4495
 .debug_str     0x00000000      0xb1b ./utilities/fsl_debug_console.o
                                0xb8c (size before relaxing)
 .debug_str     0x00000b1b      0x394 ./startup/startup_mkl25z4.o
                                0x4eb (size before relaxing)
 .debug_str     0x00000eaf      0x4aa ./source/LED_Manager.o
                                0x6e8 (size before relaxing)
 .debug_str     0x00001359      0x9b5 ./source/adc16_polling.o
                                0xd91 (size before relaxing)
 .debug_str     0x00001d0e       0x1f ./source/mtb.o
                                0x175 (size before relaxing)
 .debug_str     0x00001d2d       0x1f ./source/semihost_hardfault.o
                                0x175 (size before relaxing)
 .debug_str     0x00001d4c      0x3e0 ./drivers/fsl_adc16.o
                               0x1274 (size before relaxing)
 .debug_str     0x0000212c      0xc2d ./drivers/fsl_clock.o
                               0x1816 (size before relaxing)
 .debug_str     0x00002d59       0xa8 ./drivers/fsl_gpio.o
                                0x83d (size before relaxing)
 .debug_str     0x00002e01      0xb8a ./drivers/fsl_lpsci.o
                               0x15de (size before relaxing)
 .debug_str     0x0000398b      0x819 ./drivers/fsl_uart.o
                               0x15ea (size before relaxing)
 .debug_str     0x000041a4       0x4c ./board/board.o
                                0x769 (size before relaxing)
 .debug_str     0x000041f0      0x222 ./board/clock_config.o
                                0xde8 (size before relaxing)
 .debug_str     0x00004412       0x3c ./board/pin_mux.o
                                0x5f3 (size before relaxing)
 .debug_str     0x0000444e       0x47 ./CMSIS/system_MKL25Z4.o
                                0x357 (size before relaxing)

.comment        0x00000000       0x7f
 .comment       0x00000000       0x7f ./utilities/fsl_debug_console.o
                                 0x80 (size before relaxing)
 .comment       0x0000007f       0x80 ./startup/startup_mkl25z4.o
 .comment       0x0000007f       0x80 ./source/LED_Manager.o
 .comment       0x0000007f       0x80 ./source/adc16_polling.o
 .comment       0x0000007f       0x80 ./source/mtb.o
 .comment       0x0000007f       0x80 ./source/semihost_hardfault.o
 .comment       0x0000007f       0x80 ./drivers/fsl_adc16.o
 .comment       0x0000007f       0x80 ./drivers/fsl_clock.o
 .comment       0x0000007f       0x80 ./drivers/fsl_gpio.o
 .comment       0x0000007f       0x80 ./drivers/fsl_lpsci.o
 .comment       0x0000007f       0x80 ./drivers/fsl_uart.o
 .comment       0x0000007f       0x80 ./board/board.o
 .comment       0x0000007f       0x80 ./board/clock_config.o
 .comment       0x0000007f       0x80 ./board/pin_mux.o
 .comment       0x0000007f       0x80 ./CMSIS/system_MKL25Z4.o
 .comment       0x0000007f       0x80 c:/nxp/mcuxpressoide_10.3.0_2200/ide/plugins/com.nxp.mcuxpresso.tools.win32_10.3.0.201811011841/tools/bin/../lib/gcc/arm-none-eabi/7.3.1/../../../../arm-none-eabi/lib/thumb/v6-m\libcr_semihost_nf.a(_cr__main.o)
 .comment       0x0000007f       0x80 c:/nxp/mcuxpressoide_10.3.0_2200/ide/plugins/com.nxp.mcuxpresso.tools.win32_10.3.0.201811011841/tools/bin/../lib/gcc/arm-none-eabi/7.3.1/../../../../arm-none-eabi/lib/thumb/v6-m\libcr_semihost_nf.a(_cr_assert.o)
 .comment       0x0000007f       0x80 c:/nxp/mcuxpressoide_10.3.0_2200/ide/plugins/com.nxp.mcuxpresso.tools.win32_10.3.0.201811011841/tools/bin/../lib/gcc/arm-none-eabi/7.3.1/../../../../arm-none-eabi/lib/thumb/v6-m\libcr_semihost_nf.a(__ciob.o)
 .comment       0x0000007f       0x80 c:/nxp/mcuxpressoide_10.3.0_2200/ide/plugins/com.nxp.mcuxpresso.tools.win32_10.3.0.201811011841/tools/bin/../lib/gcc/arm-none-eabi/7.3.1/../../../../arm-none-eabi/lib/thumb/v6-m\libcr_c.a(memset.o)
 .comment       0x0000007f       0x80 c:/nxp/mcuxpressoide_10.3.0_2200/ide/plugins/com.nxp.mcuxpresso.tools.win32_10.3.0.201811011841/tools/bin/../lib/gcc/arm-none-eabi/7.3.1/../../../../arm-none-eabi/lib/thumb/v6-m\libcr_c.a(_deferredlazyseek.o)
 .comment       0x0000007f       0x80 c:/nxp/mcuxpressoide_10.3.0_2200/ide/plugins/com.nxp.mcuxpresso.tools.win32_10.3.0.201811011841/tools/bin/../lib/gcc/arm-none-eabi/7.3.1/../../../../arm-none-eabi/lib/thumb/v6-m\libcr_c.a(_fflush.o)
 .comment       0x0000007f       0x80 c:/nxp/mcuxpressoide_10.3.0_2200/ide/plugins/com.nxp.mcuxpresso.tools.win32_10.3.0.201811011841/tools/bin/../lib/gcc/arm-none-eabi/7.3.1/../../../../arm-none-eabi/lib/thumb/v6-m\libcr_c.a(_writebuf.o)
 .comment       0x0000007f       0x80 c:/nxp/mcuxpressoide_10.3.0_2200/ide/plugins/com.nxp.mcuxpresso.tools.win32_10.3.0.201811011841/tools/bin/../lib/gcc/arm-none-eabi/7.3.1/../../../../arm-none-eabi/lib/thumb/v6-m\libcr_c.a(alloc.o)
 .comment       0x0000007f       0x80 c:/nxp/mcuxpressoide_10.3.0_2200/ide/plugins/com.nxp.mcuxpresso.tools.win32_10.3.0.201811011841/tools/bin/../lib/gcc/arm-none-eabi/7.3.1/../../../../arm-none-eabi/lib/thumb/v6-m\libcr_c.a(fputs.o)
 .comment       0x0000007f       0x80 c:/nxp/mcuxpressoide_10.3.0_2200/ide/plugins/com.nxp.mcuxpresso.tools.win32_10.3.0.201811011841/tools/bin/../lib/gcc/arm-none-eabi/7.3.1/../../../../arm-none-eabi/lib/thumb/v6-m\libcr_c.a(fseek.o)
 .comment       0x0000007f       0x80 c:/nxp/mcuxpressoide_10.3.0_2200/ide/plugins/com.nxp.mcuxpresso.tools.win32_10.3.0.201811011841/tools/bin/../lib/gcc/arm-none-eabi/7.3.1/../../../../arm-none-eabi/lib/thumb/v6-m\libcr_c.a(ftell.o)
 .comment       0x0000007f       0x80 c:/nxp/mcuxpressoide_10.3.0_2200/ide/plugins/com.nxp.mcuxpresso.tools.win32_10.3.0.201811011841/tools/bin/../lib/gcc/arm-none-eabi/7.3.1/../../../../arm-none-eabi/lib/thumb/v6-m\libcr_c.a(initio.o)
 .comment       0x0000007f       0x80 c:/nxp/mcuxpressoide_10.3.0_2200/ide/plugins/com.nxp.mcuxpresso.tools.win32_10.3.0.201811011841/tools/bin/../lib/gcc/arm-none-eabi/7.3.1/../../../../arm-none-eabi/lib/thumb/v6-m\libcr_c.a(printf.o)
 .comment       0x0000007f       0x80 c:/nxp/mcuxpressoide_10.3.0_2200/ide/plugins/com.nxp.mcuxpresso.tools.win32_10.3.0.201811011841/tools/bin/../lib/gcc/arm-none-eabi/7.3.1/../../../../arm-none-eabi/lib/thumb/v6-m\libcr_c.a(setvbuf.o)
 .comment       0x0000007f       0x80 c:/nxp/mcuxpressoide_10.3.0_2200/ide/plugins/com.nxp.mcuxpresso.tools.win32_10.3.0.201811011841/tools/bin/../lib/gcc/arm-none-eabi/7.3.1/../../../../arm-none-eabi/lib/thumb/v6-m\libcr_c.a(strlen.o)
 .comment       0x0000007f       0x80 c:/nxp/mcuxpressoide_10.3.0_2200/ide/plugins/com.nxp.mcuxpresso.tools.win32_10.3.0.201811011841/tools/bin/../lib/gcc/arm-none-eabi/7.3.1/../../../../arm-none-eabi/lib/thumb/v6-m\libcr_c.a(__init_alloc.o)
 .comment       0x0000007f       0x80 c:/nxp/mcuxpressoide_10.3.0_2200/ide/plugins/com.nxp.mcuxpresso.tools.win32_10.3.0.201811011841/tools/bin/../lib/gcc/arm-none-eabi/7.3.1/../../../../arm-none-eabi/lib/thumb/v6-m\libcr_c.a(_cr_sbrk.o)
 .comment       0x0000007f       0x80 c:/nxp/mcuxpressoide_10.3.0_2200/ide/plugins/com.nxp.mcuxpresso.tools.win32_10.3.0.201811011841/tools/bin/../lib/gcc/arm-none-eabi/7.3.1/../../../../arm-none-eabi/lib/thumb/v6-m\libcr_c.a(_fdopen.o)
 .comment       0x0000007f       0x80 c:/nxp/mcuxpressoide_10.3.0_2200/ide/plugins/com.nxp.mcuxpresso.tools.win32_10.3.0.201811011841/tools/bin/../lib/gcc/arm-none-eabi/7.3.1/../../../../arm-none-eabi/lib/thumb/v6-m\libcr_c.a(errno.o)
 .comment       0x0000007f       0x80 c:/nxp/mcuxpressoide_10.3.0_2200/ide/plugins/com.nxp.mcuxpresso.tools.win32_10.3.0.201811011841/tools/bin/../lib/gcc/arm-none-eabi/7.3.1/../../../../arm-none-eabi/lib/thumb/v6-m\libcr_c.a(fclose.o)
 .comment       0x0000007f       0x80 c:/nxp/mcuxpressoide_10.3.0_2200/ide/plugins/com.nxp.mcuxpresso.tools.win32_10.3.0.201811011841/tools/bin/../lib/gcc/arm-none-eabi/7.3.1/../../../../arm-none-eabi/lib/thumb/v6-m\libcr_c.a(fflush.o)
 .comment       0x0000007f       0x80 c:/nxp/mcuxpressoide_10.3.0_2200/ide/plugins/com.nxp.mcuxpresso.tools.win32_10.3.0.201811011841/tools/bin/../lib/gcc/arm-none-eabi/7.3.1/../../../../arm-none-eabi/lib/thumb/v6-m\libcr_c.a(remove.o)
 .comment       0x0000007f       0x80 c:/nxp/mcuxpressoide_10.3.0_2200/ide/plugins/com.nxp.mcuxpresso.tools.win32_10.3.0.201811011841/tools/bin/../lib/gcc/arm-none-eabi/7.3.1/../../../../arm-none-eabi/lib/thumb/v6-m\libcr_c.a(_cr_check_heap.o)
 .comment       0x0000007f       0x80 c:/nxp/mcuxpressoide_10.3.0_2200/ide/plugins/com.nxp.mcuxpresso.tools.win32_10.3.0.201811011841/tools/bin/../lib/gcc/arm-none-eabi/7.3.1/../../../../arm-none-eabi/lib/thumb/v6-m\libcr_c.a(_do_fflush.o)
 .comment       0x0000007f       0x80 c:/nxp/mcuxpressoide_10.3.0_2200/ide/plugins/com.nxp.mcuxpresso.tools.win32_10.3.0.201811011841/tools/bin/../lib/gcc/arm-none-eabi/7.3.1/thumb/v6-m\libcr_eabihelpers.a(float.o)

.ARM.attributes
                0x00000000       0x30
 .ARM.attributes
                0x00000000       0x32 ./utilities/fsl_debug_console.o
 .ARM.attributes
                0x00000032       0x32 ./startup/startup_mkl25z4.o
 .ARM.attributes
                0x00000064       0x32 ./source/LED_Manager.o
 .ARM.attributes
                0x00000096       0x32 ./source/adc16_polling.o
 .ARM.attributes
                0x000000c8       0x32 ./source/mtb.o
 .ARM.attributes
                0x000000fa       0x32 ./source/semihost_hardfault.o
 .ARM.attributes
                0x0000012c       0x32 ./drivers/fsl_adc16.o
 .ARM.attributes
                0x0000015e       0x32 ./drivers/fsl_clock.o
 .ARM.attributes
                0x00000190       0x32 ./drivers/fsl_gpio.o
 .ARM.attributes
                0x000001c2       0x32 ./drivers/fsl_lpsci.o
 .ARM.attributes
                0x000001f4       0x32 ./drivers/fsl_uart.o
 .ARM.attributes
                0x00000226       0x32 ./board/board.o
 .ARM.attributes
                0x00000258       0x32 ./board/clock_config.o
 .ARM.attributes
                0x0000028a       0x32 ./board/pin_mux.o
 .ARM.attributes
                0x000002bc       0x32 ./CMSIS/system_MKL25Z4.o
 .ARM.attributes
                0x000002ee       0x31 c:/nxp/mcuxpressoide_10.3.0_2200/ide/plugins/com.nxp.mcuxpresso.tools.win32_10.3.0.201811011841/tools/bin/../lib/gcc/arm-none-eabi/7.3.1/../../../../arm-none-eabi/lib/thumb/v6-m\libcr_semihost_nf.a(_cr__main.o)
 .ARM.attributes
                0x0000031f       0x31 c:/nxp/mcuxpressoide_10.3.0_2200/ide/plugins/com.nxp.mcuxpresso.tools.win32_10.3.0.201811011841/tools/bin/../lib/gcc/arm-none-eabi/7.3.1/../../../../arm-none-eabi/lib/thumb/v6-m\libcr_semihost_nf.a(_cr_assert.o)
 .ARM.attributes
                0x00000350       0x31 c:/nxp/mcuxpressoide_10.3.0_2200/ide/plugins/com.nxp.mcuxpresso.tools.win32_10.3.0.201811011841/tools/bin/../lib/gcc/arm-none-eabi/7.3.1/../../../../arm-none-eabi/lib/thumb/v6-m\libcr_semihost_nf.a(__ciob.o)
 .ARM.attributes
                0x00000381       0x21 c:/nxp/mcuxpressoide_10.3.0_2200/ide/plugins/com.nxp.mcuxpresso.tools.win32_10.3.0.201811011841/tools/bin/../lib/gcc/arm-none-eabi/7.3.1/../../../../arm-none-eabi/lib/thumb/v6-m\libcr_semihost_nf.a(__sys_appexit.o)
 .ARM.attributes
                0x000003a2       0x31 c:/nxp/mcuxpressoide_10.3.0_2200/ide/plugins/com.nxp.mcuxpresso.tools.win32_10.3.0.201811011841/tools/bin/../lib/gcc/arm-none-eabi/7.3.1/../../../../arm-none-eabi/lib/thumb/v6-m\libcr_c.a(memset.o)
 .ARM.attributes
                0x000003d3       0x31 c:/nxp/mcuxpressoide_10.3.0_2200/ide/plugins/com.nxp.mcuxpresso.tools.win32_10.3.0.201811011841/tools/bin/../lib/gcc/arm-none-eabi/7.3.1/../../../../arm-none-eabi/lib/thumb/v6-m\libcr_c.a(_deferredlazyseek.o)
 .ARM.attributes
                0x00000404       0x31 c:/nxp/mcuxpressoide_10.3.0_2200/ide/plugins/com.nxp.mcuxpresso.tools.win32_10.3.0.201811011841/tools/bin/../lib/gcc/arm-none-eabi/7.3.1/../../../../arm-none-eabi/lib/thumb/v6-m\libcr_c.a(_fflush.o)
 .ARM.attributes
                0x00000435       0x31 c:/nxp/mcuxpressoide_10.3.0_2200/ide/plugins/com.nxp.mcuxpresso.tools.win32_10.3.0.201811011841/tools/bin/../lib/gcc/arm-none-eabi/7.3.1/../../../../arm-none-eabi/lib/thumb/v6-m\libcr_c.a(_writebuf.o)
 .ARM.attributes
                0x00000466       0x31 c:/nxp/mcuxpressoide_10.3.0_2200/ide/plugins/com.nxp.mcuxpresso.tools.win32_10.3.0.201811011841/tools/bin/../lib/gcc/arm-none-eabi/7.3.1/../../../../arm-none-eabi/lib/thumb/v6-m\libcr_c.a(alloc.o)
 .ARM.attributes
                0x00000497       0x31 c:/nxp/mcuxpressoide_10.3.0_2200/ide/plugins/com.nxp.mcuxpresso.tools.win32_10.3.0.201811011841/tools/bin/../lib/gcc/arm-none-eabi/7.3.1/../../../../arm-none-eabi/lib/thumb/v6-m\libcr_c.a(fputs.o)
 .ARM.attributes
                0x000004c8       0x31 c:/nxp/mcuxpressoide_10.3.0_2200/ide/plugins/com.nxp.mcuxpresso.tools.win32_10.3.0.201811011841/tools/bin/../lib/gcc/arm-none-eabi/7.3.1/../../../../arm-none-eabi/lib/thumb/v6-m\libcr_c.a(fseek.o)
 .ARM.attributes
                0x000004f9       0x31 c:/nxp/mcuxpressoide_10.3.0_2200/ide/plugins/com.nxp.mcuxpresso.tools.win32_10.3.0.201811011841/tools/bin/../lib/gcc/arm-none-eabi/7.3.1/../../../../arm-none-eabi/lib/thumb/v6-m\libcr_c.a(ftell.o)
 .ARM.attributes
                0x0000052a       0x31 c:/nxp/mcuxpressoide_10.3.0_2200/ide/plugins/com.nxp.mcuxpresso.tools.win32_10.3.0.201811011841/tools/bin/../lib/gcc/arm-none-eabi/7.3.1/../../../../arm-none-eabi/lib/thumb/v6-m\libcr_c.a(initio.o)
 .ARM.attributes
                0x0000055b       0x31 c:/nxp/mcuxpressoide_10.3.0_2200/ide/plugins/com.nxp.mcuxpresso.tools.win32_10.3.0.201811011841/tools/bin/../lib/gcc/arm-none-eabi/7.3.1/../../../../arm-none-eabi/lib/thumb/v6-m\libcr_c.a(printf.o)
 .ARM.attributes
                0x0000058c       0x31 c:/nxp/mcuxpressoide_10.3.0_2200/ide/plugins/com.nxp.mcuxpresso.tools.win32_10.3.0.201811011841/tools/bin/../lib/gcc/arm-none-eabi/7.3.1/../../../../arm-none-eabi/lib/thumb/v6-m\libcr_c.a(setvbuf.o)
 .ARM.attributes
                0x000005bd       0x31 c:/nxp/mcuxpressoide_10.3.0_2200/ide/plugins/com.nxp.mcuxpresso.tools.win32_10.3.0.201811011841/tools/bin/../lib/gcc/arm-none-eabi/7.3.1/../../../../arm-none-eabi/lib/thumb/v6-m\libcr_c.a(strlen.o)
 .ARM.attributes
                0x000005ee       0x31 c:/nxp/mcuxpressoide_10.3.0_2200/ide/plugins/com.nxp.mcuxpresso.tools.win32_10.3.0.201811011841/tools/bin/../lib/gcc/arm-none-eabi/7.3.1/../../../../arm-none-eabi/lib/thumb/v6-m\libcr_c.a(__init_alloc.o)
 .ARM.attributes
                0x0000061f       0x31 c:/nxp/mcuxpressoide_10.3.0_2200/ide/plugins/com.nxp.mcuxpresso.tools.win32_10.3.0.201811011841/tools/bin/../lib/gcc/arm-none-eabi/7.3.1/../../../../arm-none-eabi/lib/thumb/v6-m\libcr_c.a(_cr_sbrk.o)
 .ARM.attributes
                0x00000650       0x31 c:/nxp/mcuxpressoide_10.3.0_2200/ide/plugins/com.nxp.mcuxpresso.tools.win32_10.3.0.201811011841/tools/bin/../lib/gcc/arm-none-eabi/7.3.1/../../../../arm-none-eabi/lib/thumb/v6-m\libcr_c.a(_fdopen.o)
 .ARM.attributes
                0x00000681       0x31 c:/nxp/mcuxpressoide_10.3.0_2200/ide/plugins/com.nxp.mcuxpresso.tools.win32_10.3.0.201811011841/tools/bin/../lib/gcc/arm-none-eabi/7.3.1/../../../../arm-none-eabi/lib/thumb/v6-m\libcr_c.a(errno.o)
 .ARM.attributes
                0x000006b2       0x31 c:/nxp/mcuxpressoide_10.3.0_2200/ide/plugins/com.nxp.mcuxpresso.tools.win32_10.3.0.201811011841/tools/bin/../lib/gcc/arm-none-eabi/7.3.1/../../../../arm-none-eabi/lib/thumb/v6-m\libcr_c.a(fclose.o)
 .ARM.attributes
                0x000006e3       0x31 c:/nxp/mcuxpressoide_10.3.0_2200/ide/plugins/com.nxp.mcuxpresso.tools.win32_10.3.0.201811011841/tools/bin/../lib/gcc/arm-none-eabi/7.3.1/../../../../arm-none-eabi/lib/thumb/v6-m\libcr_c.a(fflush.o)
 .ARM.attributes
                0x00000714       0x31 c:/nxp/mcuxpressoide_10.3.0_2200/ide/plugins/com.nxp.mcuxpresso.tools.win32_10.3.0.201811011841/tools/bin/../lib/gcc/arm-none-eabi/7.3.1/../../../../arm-none-eabi/lib/thumb/v6-m\libcr_c.a(remove.o)
 .ARM.attributes
                0x00000745       0x31 c:/nxp/mcuxpressoide_10.3.0_2200/ide/plugins/com.nxp.mcuxpresso.tools.win32_10.3.0.201811011841/tools/bin/../lib/gcc/arm-none-eabi/7.3.1/../../../../arm-none-eabi/lib/thumb/v6-m\libcr_c.a(_cr_check_heap.o)
 .ARM.attributes
                0x00000776       0x31 c:/nxp/mcuxpressoide_10.3.0_2200/ide/plugins/com.nxp.mcuxpresso.tools.win32_10.3.0.201811011841/tools/bin/../lib/gcc/arm-none-eabi/7.3.1/../../../../arm-none-eabi/lib/thumb/v6-m\libcr_c.a(_do_fflush.o)
 .ARM.attributes
                0x000007a7       0x21 c:/nxp/mcuxpressoide_10.3.0_2200/ide/plugins/com.nxp.mcuxpresso.tools.win32_10.3.0.201811011841/tools/bin/../lib/gcc/arm-none-eabi/7.3.1/thumb/v6-m\libcr_eabihelpers.a(division_32.o)
 .ARM.attributes
                0x000007c8       0x21 c:/nxp/mcuxpressoide_10.3.0_2200/ide/plugins/com.nxp.mcuxpresso.tools.win32_10.3.0.201811011841/tools/bin/../lib/gcc/arm-none-eabi/7.3.1/thumb/v6-m\libcr_eabihelpers.a(division_idiv0.o)
 .ARM.attributes
                0x000007e9       0x31 c:/nxp/mcuxpressoide_10.3.0_2200/ide/plugins/com.nxp.mcuxpresso.tools.win32_10.3.0.201811011841/tools/bin/../lib/gcc/arm-none-eabi/7.3.1/thumb/v6-m\libcr_eabihelpers.a(float.o)
 .ARM.attributes
                0x0000081a       0x21 c:/nxp/mcuxpressoide_10.3.0_2200/ide/plugins/com.nxp.mcuxpresso.tools.win32_10.3.0.201811011841/tools/bin/../lib/gcc/arm-none-eabi/7.3.1/thumb/v6-m\libcr_eabihelpers.a(llong.o)
 .ARM.attributes
                0x0000083b       0x21 c:/nxp/mcuxpressoide_10.3.0_2200/ide/plugins/com.nxp.mcuxpresso.tools.win32_10.3.0.201811011841/tools/bin/../lib/gcc/arm-none-eabi/7.3.1/thumb/v6-m\libcr_eabihelpers.a(memcpy.o)
 .ARM.attributes
                0x0000085c       0x21 c:/nxp/mcuxpressoide_10.3.0_2200/ide/plugins/com.nxp.mcuxpresso.tools.win32_10.3.0.201811011841/tools/bin/../lib/gcc/arm-none-eabi/7.3.1/../../../../arm-none-eabi/lib/thumb/v6-m\libcr_semihost_nf.a(__sys_close.o)
 .ARM.attributes
                0x0000087d       0x21 c:/nxp/mcuxpressoide_10.3.0_2200/ide/plugins/com.nxp.mcuxpresso.tools.win32_10.3.0.201811011841/tools/bin/../lib/gcc/arm-none-eabi/7.3.1/../../../../arm-none-eabi/lib/thumb/v6-m\libcr_semihost_nf.a(__sys_flen.o)
 .ARM.attributes
                0x0000089e       0x21 c:/nxp/mcuxpressoide_10.3.0_2200/ide/plugins/com.nxp.mcuxpresso.tools.win32_10.3.0.201811011841/tools/bin/../lib/gcc/arm-none-eabi/7.3.1/../../../../arm-none-eabi/lib/thumb/v6-m\libcr_semihost_nf.a(__sys_istty.o)
 .ARM.attributes
                0x000008bf       0x21 c:/nxp/mcuxpressoide_10.3.0_2200/ide/plugins/com.nxp.mcuxpresso.tools.win32_10.3.0.201811011841/tools/bin/../lib/gcc/arm-none-eabi/7.3.1/../../../../arm-none-eabi/lib/thumb/v6-m\libcr_semihost_nf.a(__sys_remove.o)
 .ARM.attributes
                0x000008e0       0x21 c:/nxp/mcuxpressoide_10.3.0_2200/ide/plugins/com.nxp.mcuxpresso.tools.win32_10.3.0.201811011841/tools/bin/../lib/gcc/arm-none-eabi/7.3.1/../../../../arm-none-eabi/lib/thumb/v6-m\libcr_semihost_nf.a(__sys_seek.o)
 .ARM.attributes
                0x00000901       0x21 c:/nxp/mcuxpressoide_10.3.0_2200/ide/plugins/com.nxp.mcuxpresso.tools.win32_10.3.0.201811011841/tools/bin/../lib/gcc/arm-none-eabi/7.3.1/../../../../arm-none-eabi/lib/thumb/v6-m\libcr_semihost_nf.a(__sys_tmpnam.o)
 .ARM.attributes
                0x00000922       0x21 c:/nxp/mcuxpressoide_10.3.0_2200/ide/plugins/com.nxp.mcuxpresso.tools.win32_10.3.0.201811011841/tools/bin/../lib/gcc/arm-none-eabi/7.3.1/../../../../arm-none-eabi/lib/thumb/v6-m\libcr_semihost_nf.a(__sys_write.o)

.debug_frame    0x00000000     0x1a60
 .debug_frame   0x00000000       0xcc ./utilities/fsl_debug_console.o
 .debug_frame   0x000000cc      0x3b0 ./startup/startup_mkl25z4.o
 .debug_frame   0x0000047c       0xec ./source/LED_Manager.o
 .debug_frame   0x00000568      0x10c ./source/adc16_polling.o
 .debug_frame   0x00000674       0x20 ./source/semihost_hardfault.o
 .debug_frame   0x00000694      0x1d0 ./drivers/fsl_adc16.o
 .debug_frame   0x00000864      0x6e0 ./drivers/fsl_clock.o
 .debug_frame   0x00000f44       0xb0 ./drivers/fsl_gpio.o
 .debug_frame   0x00000ff4      0x418 ./drivers/fsl_lpsci.o
 .debug_frame   0x0000140c      0x468 ./drivers/fsl_uart.o
 .debug_frame   0x00001874       0x50 ./board/board.o
 .debug_frame   0x000018c4       0xe4 ./board/clock_config.o
 .debug_frame   0x000019a8       0x6c ./board/pin_mux.o
 .debug_frame   0x00001a14       0x4c ./CMSIS/system_MKL25Z4.o
